 addon

 Timestamp is 5cfe1ff9 (Mon Jun 10 16:16:41 2019)

 Preferred load address is 0000000180000000

 Start         Length     Name                   Class
 0001:00000000 00000340H .text$di                CODE
 0001:00000340 000286b0H .text$mn                CODE
 0001:000289f0 00000020H .text$mn$00             CODE
 0001:00028a10 000004f0H .text$x                 CODE
 0001:00028f00 0000023cH .text$yd                CODE
 0002:00000000 000002b0H .idata$5                DATA
 0002:000002b0 00000010H .00cfg                  DATA
 0002:000002c0 00000008H .CRT$XCA                DATA
 0002:000002c8 00000018H .CRT$XCC                DATA
 0002:000002e0 00000010H .CRT$XCL                DATA
 0002:000002f0 00000028H .CRT$XCU                DATA
 0002:00000318 00000008H .CRT$XCZ                DATA
 0002:00000320 00000008H .CRT$XIA                DATA
 0002:00000328 00000030H .CRT$XIC                DATA
 0002:00000358 00000008H .CRT$XIZ                DATA
 0002:00000360 00000008H .CRT$XPA                DATA
 0002:00000368 00000010H .CRT$XPX                DATA
 0002:00000378 00000008H .CRT$XPXA               DATA
 0002:00000380 00000008H .CRT$XPZ                DATA
 0002:00000388 00000008H .CRT$XTA                DATA
 0002:00000390 00000010H .CRT$XTZ                DATA
 0002:00000398 00000000H .gfids$y                DATA
 0002:000003a0 00011650H .rdata                  DATA
 0002:000119f0 00000a0cH .rdata$r                DATA
 0002:000123fc 00000414H .rdata$zzzdbg           DATA
 0002:00012810 00000008H .rtc$IAA                DATA
 0002:00012818 00000008H .rtc$IZZ                DATA
 0002:00012820 00000008H .rtc$TAA                DATA
 0002:00012828 00000008H .rtc$TZZ                DATA
 0002:00012830 00002210H .xdata                  DATA
 0002:00014a40 00000244H .xdata$x                DATA
 0002:00014c84 00000020H .didat$2                DATA
 0002:00014ca4 00000024H .didat$3                DATA
 0002:00014cc8 00000098H .didat$4                DATA
 0002:00014d60 00000460H .didat$6                DATA
 0002:000151c0 000000a0H .didat$7                DATA
 0002:00015260 00000050H .edata                  DATA
 0002:000152b0 00000014H .idata$2                DATA
 0002:000152c4 00000014H .idata$3                DATA
 0002:000152d8 000002b0H .idata$4                DATA
 0002:00015588 00000632H .idata$6                DATA
 0003:00000000 00000b90H .data                   DATA
 0003:00000b90 00000378H .data$r                 DATA
 0003:00000f08 00000098H .didat$5                DATA
 0003:00000fa0 0000c2a4H .bss                    DATA
 0004:00000000 00002514H .pdata                  DATA
 0005:00000000 00000060H .rsrc$01                DATA
 0005:00000060 00000180H .rsrc$02                DATA

  Address         Publics by Value              Rva+Base               Lib:Object

 0000:00000000       __hybrid_code_map_count    0000000000000000     <absolute>
 0000:00000000       __hybrid_code_map          0000000000000000     <absolute>
 0000:00000000       __guard_iat_count          0000000000000000     <absolute>
 0000:00000000       __guard_longjmp_count      0000000000000000     <absolute>
 0000:00000000       __guard_longjmp_table      0000000000000000     <absolute>
 0000:00000000       __volatile_metadata        0000000000000000     <absolute>
 0000:00000000       __guard_iat_table          0000000000000000     <absolute>
 0000:00000000       __guard_fids_count         0000000000000000     <absolute>
 0000:00000000       ___safe_se_handler_count   0000000000000000     <absolute>
 0000:00000000       __enclave_config           0000000000000000     <absolute>
 0000:00000000       ___safe_se_handler_table   0000000000000000     <absolute>
 0000:00000000       __guard_fids_table         0000000000000000     <absolute>
 0000:00000000       __hybrid_auxiliary_iat     0000000000000000     <absolute>
 0000:00000000       __dynamic_value_reloc_table 0000000000000000     <absolute>
 0000:00000100       __guard_flags              0000000000000100     <absolute>
 0000:00000000       __ImageBase                0000000180000000     <linker-defined>
 0001:00000340       __local_stdio_printf_options 0000000180001340 f i binding.obj
 0001:00000350       sprintf_s                  0000000180001350 f i binding.obj
 0001:000003b0       ?what@exception@stdext@@UEBAPEBDXZ 00000001800013b0 f i binding.obj
 0001:000003d0       ?_Raise@exception@stdext@@QEBAXXZ 00000001800013d0 f i binding.obj
 0001:00000410       ?_Lock@?$basic_streambuf@DU?$char_traits@D@std@@@std@@UEAAXXZ 0000000180001410 f i binding.obj
 0001:00000410       ?imbue@?$basic_streambuf@DU?$char_traits@D@std@@@std@@MEAAXAEBVlocale@2@@Z 0000000180001410 f i binding.obj
 0001:00000410       ?_Doraise@exception@stdext@@MEBAXXZ 0000000180001410 f i binding.obj
 0001:00000410       ?_Unlock@?$basic_streambuf@DU?$char_traits@D@std@@@std@@UEAAXXZ 0000000180001410 f i binding.obj
 0001:00000410       _guard_check_icall_nop     0000000180001410 f i LIBCMT:guard_support.obj
 0001:00000420       ??_Gruntime_error@std@@UEAAPEAXI@Z 0000000180001420 f i binding.obj
 0001:00000420       ??_Gexception@stdext@@UEAAPEAXI@Z 0000000180001420 f i binding.obj
 0001:00000420       ??_Eruntime_error@std@@UEAAPEAXI@Z 0000000180001420 f i * CIL library *:* CIL module *
 0001:00000420       ??_Eexception@stdext@@UEAAPEAXI@Z 0000000180001420 f i * CIL library *:* CIL module *
 0001:00000450       ??0runtime_error@std@@QEAA@PEBD@Z 0000000180001450 f i binding.obj
 0001:00000470       ??1_Locinfo@std@@QEAA@XZ   0000000180001470 f i binding.obj
 0001:00000510       ??_E_Facet_base@std@@UEAAPEAXI@Z 0000000180001510 f i * CIL library *:* CIL module *
 0001:00000510       ??_G_Facet_base@std@@UEAAPEAXI@Z 0000000180001510 f i binding.obj
 0001:00000540       ?_Incref@facet@locale@std@@UEAAXXZ 0000000180001540 f i binding.obj
 0001:00000550       ?_Decref@facet@locale@std@@UEAAPEAV_Facet_base@3@XZ 0000000180001550 f i binding.obj
 0001:00000560       _get_startup_argv_mode     0000000180001560 f i LIBCMT:argv_mode.obj
 0001:00000560       DllMain                    0000000180001560 f i LIBCMT:dll_dllmain_stub.obj
 0001:00000560       ?do_max_length@codecvt_base@std@@MEBAHXZ 0000000180001560 f i binding.obj
 0001:00000560       ?do_encoding@codecvt_base@std@@MEBAHXZ 0000000180001560 f i binding.obj
 0001:00000570       ?do_tolower@?$ctype@D@std@@MEBADD@Z 0000000180001570 f i binding.obj
 0001:00000580       ?do_tolower@?$ctype@D@std@@MEBAPEBDPEADPEBD@Z 0000000180001580 f i binding.obj
 0001:000005e0       ?do_toupper@?$ctype@D@std@@MEBADD@Z 00000001800015e0 f i binding.obj
 0001:000005f0       ?do_toupper@?$ctype@D@std@@MEBAPEBDPEADPEBD@Z 00000001800015f0 f i binding.obj
 0001:00000650       ?do_narrow@?$ctype@D@std@@MEBADDD@Z 0000000180001650 f i binding.obj
 0001:00000650       ?do_widen@?$ctype@D@std@@MEBADD@Z 0000000180001650 f i binding.obj
 0001:00000660       ?do_widen@?$ctype@D@std@@MEBAPEBDPEBD0PEAD@Z 0000000180001660 f i binding.obj
 0001:00000680       ?do_narrow@?$ctype@D@std@@MEBAPEBDPEBD0DPEAD@Z 0000000180001680 f i binding.obj
 0001:000006a0       ??_E?$ctype@D@std@@MEAAPEAXI@Z 00000001800016a0 f i * CIL library *:* CIL module *
 0001:000006a0       ??_G?$ctype@D@std@@MEAAPEAXI@Z 00000001800016a0 f i binding.obj
 0001:00000710       ?default_error_condition@error_category@std@@UEBA?AVerror_condition@2@H@Z 0000000180001710 f i binding.obj
 0001:00000720       ?equivalent@error_category@std@@UEBA_NHAEBVerror_condition@2@@Z 0000000180001720 f i binding.obj
 0001:00000760       ?equivalent@error_category@std@@UEBA_NAEBVerror_code@2@H@Z 0000000180001760 f i binding.obj
 0001:00000780       ?make_error_code@std@@YA?AVerror_code@1@W4io_errc@1@@Z 0000000180001780 f i binding.obj
 0001:000007d0       ??0_System_error@std@@IEAA@Verror_code@1@AEBV?$basic_string@DU?$char_traits@D@std@@V?$allocator@D@2@@1@@Z 00000001800017d0 f i binding.obj
 0001:00000a00       ??_G_System_error@std@@UEAAPEAXI@Z 0000000180001a00 f i binding.obj
 0001:00000a00       ??_Gfailure@ios_base@std@@UEAAPEAXI@Z 0000000180001a00 f i binding.obj
 0001:00000a00       ??_Efailure@ios_base@std@@UEAAPEAXI@Z 0000000180001a00 f i * CIL library *:* CIL module *
 0001:00000a00       ??_E_System_error@std@@UEAAPEAXI@Z 0000000180001a00 f i * CIL library *:* CIL module *
 0001:00000a30       ?name@_Iostream_error_category@std@@UEBAPEBDXZ 0000000180001a30 f i binding.obj
 0001:00000a40       ?message@_Iostream_error_category@std@@UEBA?AV?$basic_string@DU?$char_traits@D@std@@V?$allocator@D@2@@2@H@Z 0000000180001a40 f i binding.obj
 0001:00000a90       ??_E_Iostream_error_category@std@@UEAAPEAXI@Z 0000000180001a90 f i * CIL library *:* CIL module *
 0001:00000a90       ??_G_Iostream_error_category@std@@UEAAPEAXI@Z 0000000180001a90 f i binding.obj
 0001:00000ac0       ??0failure@ios_base@std@@QEAA@PEBDAEBVerror_code@2@@Z 0000000180001ac0 f i binding.obj
 0001:00000b70       ?_Doraise@failure@ios_base@std@@MEBAXXZ 0000000180001b70 f i binding.obj
 0001:00000b90       ??_Gios_base@std@@UEAAPEAXI@Z 0000000180001b90 f i binding.obj
 0001:00000b90       ??_Eios_base@std@@UEAAPEAXI@Z 0000000180001b90 f i * CIL library *:* CIL module *
 0001:00000bd0       ??_D?$basic_ifstream@DU?$char_traits@D@std@@@std@@QEAAXXZ 0000000180001bd0 f i binding.obj
 0001:00000c60       ??_D?$basic_ofstream@DU?$char_traits@D@std@@@std@@QEAAXXZ 0000000180001c60 f i binding.obj
 0001:00000cf0       ?power@demo@@YANNH@Z       0000000180001cf0 f   binding.obj
 0001:00000d70       ?evaluateFitness@Chromosome@demo@@QEAA_NXZ 0000000180001d70 f i binding.obj
 0001:00001060       ?mix@Chromosome@demo@@QEAAPEAU12@PEAU12@@Z 0000000180002060 f i binding.obj
 0001:000011f0       ?addChromosome@Population@demo@@QEAAXPEAUChromosome@2@@Z 00000001800021f0 f i binding.obj
 0001:000012d0       ?Mutation_ver1@demo@@YAXXZ 00000001800022d0 f   binding.obj
 0001:00001760       ?Initialization@demo@@YAXXZ 0000000180002760 f   binding.obj
 0001:00001c30       ?Process_GA@demo@@YAXXZ    0000000180002c30 f   binding.obj
 0001:00001df0       ?Method@demo@@YAXAEBV?$FunctionCallbackInfo@VValue@v8@@@v8@@@Z 0000000180002df0 f   binding.obj
 0001:00002250       ?Initialize@demo@@YAXV?$Local@VObject@v8@@@v8@@@Z 0000000180003250 f   binding.obj
 0001:00002370       ?pop@?$priority_queue@U?$pair@HH@std@@V?$vector@U?$pair@HH@std@@V?$allocator@U?$pair@HH@std@@@2@@2@U?$less@U?$pair@HH@std@@@2@@std@@QEAAXXZ 0000000180003370 f i binding.obj
 0001:000024b0       ??0?$basic_string@DU?$char_traits@D@std@@V?$allocator@D@2@@std@@QEAA@_KD@Z 00000001800034b0 f i binding.obj
 0001:00002620       ??0?$basic_string@DU?$char_traits@D@std@@V?$allocator@D@2@@std@@QEAA@QEBD@Z 0000000180003620 f i binding.obj
 0001:00002790       ?imbue@?$basic_filebuf@DU?$char_traits@D@std@@@std@@MEAAXAEBVlocale@2@@Z 0000000180003790 f i binding.obj
 0001:000027c0       ?sync@?$basic_filebuf@DU?$char_traits@D@std@@@std@@MEAAHXZ 00000001800037c0 f i binding.obj
 0001:00002810       ?setbuf@?$basic_filebuf@DU?$char_traits@D@std@@@std@@MEAAPEAV?$basic_streambuf@DU?$char_traits@D@std@@@2@PEAD_J@Z 0000000180003810 f i binding.obj
 0001:00002870       ?seekpos@?$basic_filebuf@DU?$char_traits@D@std@@@std@@MEAA?AV?$fpos@U_Mbstatet@@@2@V32@H@Z 0000000180003870 f i binding.obj
 0001:00002950       ?seekoff@?$basic_filebuf@DU?$char_traits@D@std@@@std@@MEAA?AV?$fpos@U_Mbstatet@@@2@_JHH@Z 0000000180003950 f i binding.obj
 0001:00002a40       ?xsputn@?$basic_filebuf@DU?$char_traits@D@std@@@std@@MEAA_JPEBD_J@Z 0000000180003a40 f i binding.obj
 0001:00002b20       ?xsgetn@?$basic_filebuf@DU?$char_traits@D@std@@@std@@MEAA_JPEAD_J@Z 0000000180003b20 f i binding.obj
 0001:00002c00       ?uflow@?$basic_filebuf@DU?$char_traits@D@std@@@std@@MEAAHXZ 0000000180003c00 f i binding.obj
 0001:00002ea0       ?underflow@?$basic_filebuf@DU?$char_traits@D@std@@@std@@MEAAHXZ 0000000180003ea0 f i binding.obj
 0001:00002f10       ?pbackfail@?$basic_filebuf@DU?$char_traits@D@std@@@std@@MEAAHH@Z 0000000180003f10 f i binding.obj
 0001:00003000       ?overflow@?$basic_filebuf@DU?$char_traits@D@std@@@std@@MEAAHH@Z 0000000180004000 f i binding.obj
 0001:000031a0       ?_Unlock@?$basic_filebuf@DU?$char_traits@D@std@@@std@@UEAAXXZ 00000001800041a0 f i binding.obj
 0001:000031c0       ?_Lock@?$basic_filebuf@DU?$char_traits@D@std@@@std@@UEAAXXZ 00000001800041c0 f i binding.obj
 0001:000031e0       ??1?$basic_filebuf@DU?$char_traits@D@std@@@std@@UEAA@XZ 00000001800041e0 f i binding.obj
 0001:00003320       ??6?$basic_ostream@DU?$char_traits@D@std@@@std@@QEAAAEAV01@N@Z 0000000180004320 f i binding.obj
 0001:00003550       ??6?$basic_ostream@DU?$char_traits@D@std@@@std@@QEAAAEAV01@H@Z 0000000180004550 f i binding.obj
 0001:00003770       ?showmanyc@?$basic_streambuf@DU?$char_traits@D@std@@@std@@MEAA_JXZ 0000000180004770 f i binding.obj
 0001:00003770       ?sync@?$basic_streambuf@DU?$char_traits@D@std@@@std@@MEAAHXZ 0000000180004770 f i binding.obj
 0001:00003780       ?setbuf@?$basic_streambuf@DU?$char_traits@D@std@@@std@@MEAAPEAV12@PEAD_J@Z 0000000180004780 f i binding.obj
 0001:00003790       ?seekpos@?$basic_streambuf@DU?$char_traits@D@std@@@std@@MEAA?AV?$fpos@U_Mbstatet@@@2@V32@H@Z 0000000180004790 f i binding.obj
 0001:00003790       ?seekoff@?$basic_streambuf@DU?$char_traits@D@std@@@std@@MEAA?AV?$fpos@U_Mbstatet@@@2@_JHH@Z 0000000180004790 f i binding.obj
 0001:000037b0       ?xsputn@?$basic_streambuf@DU?$char_traits@D@std@@@std@@MEAA_JPEBD_J@Z 00000001800047b0 f i binding.obj
 0001:00003870       ?xsgetn@?$basic_streambuf@DU?$char_traits@D@std@@@std@@MEAA_JPEAD_J@Z 0000000180004870 f i binding.obj
 0001:00003920       ?uflow@?$basic_streambuf@DU?$char_traits@D@std@@@std@@MEAAHXZ 0000000180004920 f i binding.obj
 0001:00003960       ?pbackfail@?$basic_streambuf@DU?$char_traits@D@std@@@std@@MEAAHH@Z 0000000180004960 f i binding.obj
 0001:00003960       ?overflow@?$basic_streambuf@DU?$char_traits@D@std@@@std@@MEAAHH@Z 0000000180004960 f i binding.obj
 0001:00003960       ?underflow@?$basic_streambuf@DU?$char_traits@D@std@@@std@@MEAAHXZ 0000000180004960 f i binding.obj
 0001:00003970       ??_E?$basic_ofstream@DU?$char_traits@D@std@@@std@@UEAAPEAXI@Z 0000000180004970 f i * CIL library *:* CIL module *
 0001:00003970       ??_G?$basic_ofstream@DU?$char_traits@D@std@@@std@@UEAAPEAXI@Z 0000000180004970 f i binding.obj
 0001:000039b0       ??_G?$basic_ifstream@DU?$char_traits@D@std@@@std@@UEAAPEAXI@Z 00000001800049b0 f i binding.obj
 0001:000039b0       ??_E?$basic_ifstream@DU?$char_traits@D@std@@@std@@UEAAPEAXI@Z 00000001800049b0 f i * CIL library *:* CIL module *
 0001:000039f0       ??_G?$basic_filebuf@DU?$char_traits@D@std@@@std@@UEAAPEAXI@Z 00000001800049f0 f i binding.obj
 0001:000039f0       ??_E?$basic_filebuf@DU?$char_traits@D@std@@@std@@UEAAPEAXI@Z 00000001800049f0 f i * CIL library *:* CIL module *
 0001:00003a30       ??_E?$basic_ostream@DU?$char_traits@D@std@@@std@@UEAAPEAXI@Z 0000000180004a30 f i * CIL library *:* CIL module *
 0001:00003a30       ??_G?$basic_ostream@DU?$char_traits@D@std@@@std@@UEAAPEAXI@Z 0000000180004a30 f i binding.obj
 0001:00003aa0       ??_E?$basic_istream@DU?$char_traits@D@std@@@std@@UEAAPEAXI@Z 0000000180004aa0 f i * CIL library *:* CIL module *
 0001:00003aa0       ??_G?$basic_istream@DU?$char_traits@D@std@@@std@@UEAAPEAXI@Z 0000000180004aa0 f i binding.obj
 0001:00003b10       ??_G?$basic_streambuf@DU?$char_traits@D@std@@@std@@UEAAPEAXI@Z 0000000180004b10 f i binding.obj
 0001:00003b10       ??_E?$basic_streambuf@DU?$char_traits@D@std@@@std@@UEAAPEAXI@Z 0000000180004b10 f i * CIL library *:* CIL module *
 0001:00003b90       ??0sentry@?$basic_ostream@DU?$char_traits@D@std@@@std@@QEAA@AEAV12@@Z 0000000180004b90 f i binding.obj
 0001:00003c00       ?do_put@?$num_put@DV?$ostreambuf_iterator@DU?$char_traits@D@std@@@std@@@std@@MEBA?AV?$ostreambuf_iterator@DU?$char_traits@D@std@@@2@V32@AEAVios_base@2@DPEBX@Z 0000000180004c00 f i binding.obj
 0001:00003ca0       ?do_put@?$num_put@DV?$ostreambuf_iterator@DU?$char_traits@D@std@@@std@@@std@@MEBA?AV?$ostreambuf_iterator@DU?$char_traits@D@std@@@2@V32@AEAVios_base@2@DO@Z 0000000180004ca0 f i binding.obj
 0001:00003f80       ?do_put@?$num_put@DV?$ostreambuf_iterator@DU?$char_traits@D@std@@@std@@@std@@MEBA?AV?$ostreambuf_iterator@DU?$char_traits@D@std@@@2@V32@AEAVios_base@2@DN@Z 0000000180004f80 f i binding.obj
 0001:00004260       ?do_put@?$num_put@DV?$ostreambuf_iterator@DU?$char_traits@D@std@@@std@@@std@@MEBA?AV?$ostreambuf_iterator@DU?$char_traits@D@std@@@2@V32@AEAVios_base@2@D_K@Z 0000000180005260 f i binding.obj
 0001:00004380       ?do_put@?$num_put@DV?$ostreambuf_iterator@DU?$char_traits@D@std@@@std@@@std@@MEBA?AV?$ostreambuf_iterator@DU?$char_traits@D@std@@@2@V32@AEAVios_base@2@D_J@Z 0000000180005380 f i binding.obj
 0001:000044a0       ?do_put@?$num_put@DV?$ostreambuf_iterator@DU?$char_traits@D@std@@@std@@@std@@MEBA?AV?$ostreambuf_iterator@DU?$char_traits@D@std@@@2@V32@AEAVios_base@2@DK@Z 00000001800054a0 f i binding.obj
 0001:000045c0       ?do_put@?$num_put@DV?$ostreambuf_iterator@DU?$char_traits@D@std@@@std@@@std@@MEBA?AV?$ostreambuf_iterator@DU?$char_traits@D@std@@@2@V32@AEAVios_base@2@DJ@Z 00000001800055c0 f i binding.obj
 0001:000046e0       ?do_put@?$num_put@DV?$ostreambuf_iterator@DU?$char_traits@D@std@@@std@@@std@@MEBA?AV?$ostreambuf_iterator@DU?$char_traits@D@std@@@2@V32@AEAVios_base@2@D_N@Z 00000001800056e0 f i binding.obj
 0001:000049e0       ?do_length@?$codecvt@DDU_Mbstatet@@@std@@MEBAHAEAU_Mbstatet@@PEBD1_K@Z 00000001800059e0 f i binding.obj
 0001:000049f0       ?do_unshift@?$codecvt@DDU_Mbstatet@@@std@@MEBAHAEAU_Mbstatet@@PEAD1AEAPEAD@Z 00000001800059f0 f i binding.obj
 0001:00004a00       ?do_out@?$codecvt@DDU_Mbstatet@@@std@@MEBAHAEAU_Mbstatet@@PEBD1AEAPEBDPEAD3AEAPEAD@Z 0000000180005a00 f i binding.obj
 0001:00004a00       ?do_in@?$codecvt@DDU_Mbstatet@@@std@@MEBAHAEAU_Mbstatet@@PEBD1AEAPEBDPEAD3AEAPEAD@Z 0000000180005a00 f i binding.obj
 0001:00004a20       __acrt_uninitialize_command_line 0000000180005a20 f i libucrt:argv_data.obj
 0001:00004a20       ?do_always_noconv@?$codecvt@DDU_Mbstatet@@@std@@MEBA_NXZ 0000000180005a20 f i binding.obj
 0001:00004a30       ?push_back@?$basic_string@DU?$char_traits@D@std@@V?$allocator@D@2@@std@@QEAAXD@Z 0000000180005a30 f i binding.obj
 0001:00004bc0       ?append@?$basic_string@DU?$char_traits@D@std@@V?$allocator@D@2@@std@@QEAAAEAV12@QEBD_K@Z 0000000180005bc0 f i binding.obj
 0001:00004c40       ?_Reset_back@?$basic_filebuf@DU?$char_traits@D@std@@@std@@AEAAXXZ 0000000180005c40 f i binding.obj
 0001:00004c70       ?_Initcvt@?$basic_filebuf@DU?$char_traits@D@std@@@std@@IEAAXAEBV?$codecvt@DDU_Mbstatet@@@2@@Z 0000000180005c70 f i binding.obj
 0001:00004d10       ?_Endwrite@?$basic_filebuf@DU?$char_traits@D@std@@@std@@IEAA_NXZ 0000000180005d10 f i binding.obj
 0001:00004de0       ?_Init@?$basic_filebuf@DU?$char_traits@D@std@@@std@@IEAAXPEAU_iobuf@@W4_Initfl@12@@Z 0000000180005de0 f i binding.obj
 0001:00004ed0       ?open@?$basic_filebuf@DU?$char_traits@D@std@@@std@@QEAAPEAV12@PEBDHH@Z 0000000180005ed0 f i binding.obj
 0001:00004f80       ??0?$basic_filebuf@DU?$char_traits@D@std@@@std@@QEAA@PEAU_iobuf@@@Z 0000000180005f80 f i binding.obj
 0001:00005030       ?_Pnavail@?$basic_streambuf@DU?$char_traits@D@std@@@std@@IEBA_JXZ 0000000180006030 f i binding.obj
 0001:00005050       ?_Gnavail@?$basic_streambuf@DU?$char_traits@D@std@@@std@@IEBA_JXZ 0000000180006050 f i binding.obj
 0001:00005070       ?setstate@?$basic_ios@DU?$char_traits@D@std@@@std@@QEAAXH_N@Z 0000000180006070 f i binding.obj
 0001:000050f0       ??_G?$num_put@DV?$ostreambuf_iterator@DU?$char_traits@D@std@@@std@@@std@@MEAAPEAXI@Z 00000001800060f0 f i binding.obj
 0001:000050f0       ??_E?$codecvt@DDU_Mbstatet@@@std@@MEAAPEAXI@Z 00000001800060f0 f i * CIL library *:* CIL module *
 0001:000050f0       ??_G?$codecvt@DDU_Mbstatet@@@std@@MEAAPEAXI@Z 00000001800060f0 f i binding.obj
 0001:000050f0       ??_E?$num_put@DV?$ostreambuf_iterator@DU?$char_traits@D@std@@@std@@@std@@MEAAPEAXI@Z 00000001800060f0 f i * CIL library *:* CIL module *
 0001:00005120       ?do_truename@?$numpunct@D@std@@MEBA?AV?$basic_string@DU?$char_traits@D@std@@V?$allocator@D@2@@2@XZ 0000000180006120 f i binding.obj
 0001:00005140       ?do_falsename@?$numpunct@D@std@@MEBA?AV?$basic_string@DU?$char_traits@D@std@@V?$allocator@D@2@@2@XZ 0000000180006140 f i binding.obj
 0001:00005160       ?do_grouping@?$numpunct@D@std@@MEBA?AV?$basic_string@DU?$char_traits@D@std@@V?$allocator@D@2@@2@XZ 0000000180006160 f i binding.obj
 0001:00005180       ?do_thousands_sep@?$numpunct@D@std@@MEBADXZ 0000000180006180 f i binding.obj
 0001:00005190       ?do_decimal_point@?$numpunct@D@std@@MEBADXZ 0000000180006190 f i binding.obj
 0001:000051a0       ?_Iput@?$num_put@DV?$ostreambuf_iterator@DU?$char_traits@D@std@@@std@@@std@@AEBA?AV?$ostreambuf_iterator@DU?$char_traits@D@std@@@2@V32@AEAVios_base@2@DPEAD_K@Z 00000001800061a0 f i binding.obj
 0001:00005810       ?_Fput@?$num_put@DV?$ostreambuf_iterator@DU?$char_traits@D@std@@@std@@@std@@AEBA?AV?$ostreambuf_iterator@DU?$char_traits@D@std@@@2@V32@AEAVios_base@2@DPEBD_K@Z 0000000180006810 f i binding.obj
 0001:00005f00       ?flush@?$basic_ostream@DU?$char_traits@D@std@@@std@@QEAAAEAV12@XZ 0000000180006f00 f i binding.obj
 0001:00005fd0       ?init@?$basic_ios@DU?$char_traits@D@std@@@std@@IEAAXPEAV?$basic_streambuf@DU?$char_traits@D@std@@@2@_N@Z 0000000180006fd0 f i binding.obj
 0001:000060f0       ??_G?$numpunct@D@std@@MEAAPEAXI@Z 00000001800070f0 f i binding.obj
 0001:000060f0       ??_E?$numpunct@D@std@@MEAAPEAXI@Z 00000001800070f0 f i * CIL library *:* CIL module *
 0001:00006150       ?_Xran@?$_String_val@U?$_Simple_types@D@std@@@std@@SAXXZ 0000000180007150 f i binding.obj
 0001:00006170       ??$use_facet@V?$ctype@D@std@@@std@@YAAEBV?$ctype@D@0@AEBVlocale@0@@Z 0000000180007170 f i binding.obj
 0001:00006370       ??$?6U?$char_traits@D@std@@@std@@YAAEAV?$basic_ostream@DU?$char_traits@D@std@@@0@AEAV10@D@Z 0000000180007370 f i binding.obj
 0001:00006600       ??$?6U?$char_traits@D@std@@@std@@YAAEAV?$basic_ostream@DU?$char_traits@D@std@@@0@AEAV10@PEBD@Z 0000000180007600 f i binding.obj
 0001:000068c0       ??$endl@DU?$char_traits@D@std@@@std@@YAAEAV?$basic_ostream@DU?$char_traits@D@std@@@0@AEAV10@@Z 00000001800078c0 f i binding.obj
 0001:00006960       ??$use_facet@V?$codecvt@DDU_Mbstatet@@@std@@@std@@YAAEBV?$codecvt@DDU_Mbstatet@@@0@AEBVlocale@0@@Z 0000000180007960 f i binding.obj
 0001:00006b40       ??$use_facet@V?$num_put@DV?$ostreambuf_iterator@DU?$char_traits@D@std@@@std@@@std@@@std@@YAAEBV?$num_put@DV?$ostreambuf_iterator@DU?$char_traits@D@std@@@std@@@0@AEBVlocale@0@@Z 0000000180007b40 f i binding.obj
 0001:00006d20       ??$_Emplace_reallocate@U?$pair@HH@std@@@?$vector@U?$pair@HH@std@@V?$allocator@U?$pair@HH@std@@@2@@std@@QEAAPEAU?$pair@HH@1@QEAU21@$$QEAU21@@Z 0000000180007d20 f i binding.obj
 0001:00006f80       ??$use_facet@V?$numpunct@D@std@@@std@@YAAEBV?$numpunct@D@0@AEBVlocale@0@@Z 0000000180007f80 f i binding.obj
 0001:00007090       ??$_Reallocate_grow_by@V<lambda_e1befb086ad3257e3f042a63030725f7>@@_KD@?$basic_string@DU?$char_traits@D@std@@V?$allocator@D@2@@std@@QEAAAEAV01@_KV<lambda_e1befb086ad3257e3f042a63030725f7>@@_KD@Z 0000000180008090 f i binding.obj
 0001:00007210       ??$_Reallocate_grow_by@V<lambda_65e615be2a453ca0576c979606f46740>@@PEBD_K@?$basic_string@DU?$char_traits@D@std@@V?$allocator@D@2@@std@@QEAAAEAV01@_KV<lambda_65e615be2a453ca0576c979606f46740>@@PEBD_K@Z 0000000180008210 f i binding.obj
 0001:00007390       ??$_Reallocate_grow_by@V<lambda_b986da8d428e4af07c64af60eec09b61>@@_K_KD@?$basic_string@DU?$char_traits@D@std@@V?$allocator@D@2@@std@@QEAAAEAV01@_KV<lambda_b986da8d428e4af07c64af60eec09b61>@@_K2D@Z 0000000180008390 f i binding.obj
 0001:00007540       ?_Getcat@?$numpunct@D@std@@SA_KPEAPEBVfacet@locale@2@PEBV42@@Z 0000000180008540 f i binding.obj
 0001:00007730       ?_Xlength@?$vector@U?$pair@HH@std@@V?$allocator@U?$pair@HH@std@@@2@@std@@CAXXZ 0000000180008730 f i binding.obj
 0001:00007750       ?_Xlen@?$basic_string@DU?$char_traits@D@std@@V?$allocator@D@2@@std@@SAXXZ 0000000180008750 f i binding.obj
 0001:00007770       ?put@?$basic_ostream@DU?$char_traits@D@std@@@std@@QEAAAEAV12@D@Z 0000000180008770 f i binding.obj
 0001:000078f0       ??$_Immortalize_impl@V_Iostream_error_category@std@@@std@@YAHPEAX0PEAPEAX@Z 00000001800088f0 f i binding.obj
 0001:00007908       ??_E?$basic_ostream@DU?$char_traits@D@std@@@std@@$4PPPPPPPM@A@EAAPEAXI@Z 0000000180008908 f i binding.obj
 0001:00007914       ??_E?$basic_ifstream@DU?$char_traits@D@std@@@std@@$4PPPPPPPM@A@EAAPEAXI@Z 0000000180008914 f i binding.obj
 0001:00007920       ??_E?$basic_istream@DU?$char_traits@D@std@@@std@@$4PPPPPPPM@A@EAAPEAXI@Z 0000000180008920 f i binding.obj
 0001:0000792c       ??_E?$basic_ofstream@DU?$char_traits@D@std@@@std@@$4PPPPPPPM@A@EAAPEAXI@Z 000000018000892c f i binding.obj
 0001:0000798c       __imp_load_?Value@Integer@v8@@QEBA_JXZ 000000018000898c f   node:node.exe
 0001:00007998       __tailMerge_node_exe       0000000180008998     node:node.exe
 0001:00007a11       __imp_load_?GetCurrentContext@Isolate@v8@@QEAA?AV?$Local@VContext@v8@@@2@XZ 0000000180008a11 f   node:node.exe
 0001:00007a1d       __imp_load_?GetCurrent@Isolate@v8@@SAPEAV12@XZ 0000000180008a1d f   node:node.exe
 0001:00007a29       __imp_load_??1HandleScope@v8@@QEAA@XZ 0000000180008a29 f   node:node.exe
 0001:00007a35       __imp_load_??0HandleScope@v8@@QEAA@PEAVIsolate@1@@Z 0000000180008a35 f   node:node.exe
 0001:00007a41       __imp_load_?New@Array@v8@@SA?AV?$Local@VArray@v8@@@2@PEAVIsolate@2@H@Z 0000000180008a41 f   node:node.exe
 0001:00007a4d       __imp_load_?Length@Array@v8@@QEBAIXZ 0000000180008a4d f   node:node.exe
 0001:00007a59       __imp_load_?GetFunction@FunctionTemplate@v8@@QEAA?AV?$MaybeLocal@VFunction@v8@@@2@V?$Local@VContext@v8@@@2@@Z 0000000180008a59 f   node:node.exe
 0001:00007a65       __imp_load_?New@FunctionTemplate@v8@@SA?AV?$Local@VFunctionTemplate@v8@@@2@PEAVIsolate@2@P6AXAEBV?$FunctionCallbackInfo@VValue@v8@@@2@@ZV?$Local@VValue@v8@@@2@V?$Local@VSignature@v8@@@2@HW4ConstructorBehavior@2@W4SideEffectType@2@@Z 0000000180008a65 f   node:node.exe
 0001:00007a71       __imp_load_?ToLocalEmpty@V8@v8@@CAXXZ 0000000180008a71 f   node:node.exe
 0001:00007a7d       __imp_load_?NewFromUtf8@String@v8@@SA?AV?$MaybeLocal@VString@v8@@@2@PEAVIsolate@2@PEBDW4NewStringType@2@H@Z 0000000180008a7d f   node:node.exe
 0001:00007a89       __imp_load_?New@Number@v8@@SA?AV?$Local@VNumber@v8@@@2@PEAVIsolate@2@N@Z 0000000180008a89 f   node:node.exe
 0001:00007a95       __imp_load_?Get@Object@v8@@QEAA?AV?$Local@VValue@v8@@@2@I@Z 0000000180008a95 f   node:node.exe
 0001:00007aa1       __imp_load_?Set@Object@v8@@QEAA_NV?$Local@VValue@v8@@@2@0@Z 0000000180008aa1 f   node:node.exe
 0001:00007aad       __imp_load_?Set@Object@v8@@QEAA_NIV?$Local@VValue@v8@@@2@@Z 0000000180008aad f   node:node.exe
 0001:00007ab9       __imp_load_?SetName@Function@v8@@QEAAXV?$Local@VString@v8@@@2@@Z 0000000180008ab9 f   node:node.exe
 0001:00007ac5       __imp_load_node_module_register 0000000180008ac5 f   node:node.exe
 0001:00007ad1       __imp_load_?ToInteger@Value@v8@@QEBA?AV?$Local@VInteger@v8@@@2@XZ 0000000180008ad1 f   node:node.exe
 0001:00007ae0       ??0_Init_locks@std@@QEAA@XZ 0000000180008ae0 f   libcpmt:xlock.obj
 0001:00007b2c       ??0_Lockit@std@@QEAA@H@Z   0000000180008b2c f   libcpmt:xlock.obj
 0001:00007b68       ??1_Init_locks@std@@QEAA@XZ 0000000180008b68 f   libcpmt:xlock.obj
 0001:00007bac       ??1_Lockit@std@@QEAA@XZ    0000000180008bac f   libcpmt:xlock.obj
 0001:00007be0       ??0exception@std@@QEAA@AEBV01@@Z 0000000180008be0 f i libcpmt:xonce.obj
 0001:00007c18       ??_Gexception@std@@UEAAPEAXI@Z 0000000180008c18 f i libcpmt:xonce.obj
 0001:00007c18       ??_Ebad_exception@std@@UEAAPEAXI@Z 0000000180008c18 f i libvcruntime:frame.obj
 0001:00007c18       ??_Gbad_array_new_length@std@@UEAAPEAXI@Z 0000000180008c18 f i LIBCMT:throw_bad_alloc.obj
 0001:00007c18       ??_Ebad_alloc@std@@UEAAPEAXI@Z 0000000180008c18 f i libcpmt:xthrow.obj
 0001:00007c18       ??_Gout_of_range@std@@UEAAPEAXI@Z 0000000180008c18 f i libcpmt:xthrow.obj
 0001:00007c18       ??_Gbad_exception@std@@UEAAPEAXI@Z 0000000180008c18 f i libvcruntime:frame.obj
 0001:00007c18       ??_Eout_of_range@std@@UEAAPEAXI@Z 0000000180008c18 f i libcpmt:xthrow.obj
 0001:00007c18       ??_Elength_error@std@@UEAAPEAXI@Z 0000000180008c18 f i libcpmt:xthrow.obj
 0001:00007c18       ??_Eexception@std@@UEAAPEAXI@Z 0000000180008c18 f i libcpmt:xonce.obj
 0001:00007c18       ??_Gbad_alloc@std@@UEAAPEAXI@Z 0000000180008c18 f i libcpmt:xthrow.obj
 0001:00007c18       ??_Ebad_array_new_length@std@@UEAAPEAXI@Z 0000000180008c18 f i LIBCMT:throw_bad_alloc.obj
 0001:00007c18       ??_Elogic_error@std@@UEAAPEAXI@Z 0000000180008c18 f i libcpmt:xthrow.obj
 0001:00007c18       ??_Glength_error@std@@UEAAPEAXI@Z 0000000180008c18 f i libcpmt:xthrow.obj
 0001:00007c18       ??_Glogic_error@std@@UEAAPEAXI@Z 0000000180008c18 f i libcpmt:xthrow.obj
 0001:00007c5c       ?_Execute_once@std@@YAHAEAUonce_flag@1@P6AHPEAX1PEAPEAX@Z1@Z 0000000180008c5c f   libcpmt:xonce.obj
 0001:00007c64       ?what@exception@std@@UEBAPEBDXZ 0000000180008c64 f i libcpmt:xonce.obj
 0001:00007c78       ??1_Fac_tidy_reg_t@std@@QEAA@XZ 0000000180008c78 f i libcpmt:locale0.obj
 0001:00007ce0       ??4?$_Yarn@D@std@@QEAAAEAV01@PEBD@Z 0000000180008ce0 f i libcpmt:locale0.obj
 0001:00007d58       ??_E_Locimp@locale@std@@MEAAPEAXI@Z 0000000180008d58 f i libcpmt:locale0.obj
 0001:00007d58       ??_G_Locimp@locale@std@@MEAAPEAXI@Z 0000000180008d58 f i libcpmt:locale0.obj
 0001:00007dc4       ?_Facet_Register@std@@YAXPEAV_Facet_base@1@@Z 0000000180008dc4 f   libcpmt:locale0.obj
 0001:00007dfc       ?_Getgloballocale@locale@std@@CAPEAV_Locimp@12@XZ 0000000180008dfc f   libcpmt:locale0.obj
 0001:00007e04       ?_Init@locale@std@@CAPEAV_Locimp@12@_N@Z 0000000180008e04 f   libcpmt:locale0.obj
 0001:00007eb0       ?_Locimp_dtor@_Locimp@locale@std@@CAXPEAV123@@Z 0000000180008eb0 f   libcpmt:locale0.obj
 0001:00007f38       ?_Locinfo_ctor@_Locinfo@std@@SAXPEAV12@PEBD@Z 0000000180008f38 f   libcpmt:locale0.obj
 0001:00007fa4       ?_Locinfo_dtor@_Locinfo@std@@SAXPEAV12@@Z 0000000180008fa4 f   libcpmt:locale0.obj
 0001:00007fc0       ?_New_Locimp@_Locimp@locale@std@@CAPEAV123@_N@Z 0000000180008fc0 f   libcpmt:locale0.obj
 0001:00008030       ?_Setgloballocale@locale@std@@CAXPEAX@Z 0000000180009030 f   libcpmt:locale0.obj
 0001:00008064       _Deletegloballocale        0000000180009064 f   libcpmt:locale0.obj
 0001:000080d4       ??0bad_alloc@std@@QEAA@AEBV01@@Z 00000001800090d4 f i libcpmt:xthrow.obj
 0001:00008114       ??0bad_alloc@std@@QEAA@XZ  0000000180009114 f i libcpmt:xthrow.obj
 0001:00008134       ??0length_error@std@@QEAA@AEBV01@@Z 0000000180009134 f i libcpmt:xthrow.obj
 0001:00008174       ??0length_error@std@@QEAA@PEBD@Z 0000000180009174 f i libcpmt:xthrow.obj
 0001:000081c0       ??0logic_error@std@@QEAA@AEBV01@@Z 00000001800091c0 f i libcpmt:xthrow.obj
 0001:00008200       ??0out_of_range@std@@QEAA@AEBV01@@Z 0000000180009200 f i libcpmt:xthrow.obj
 0001:00008240       ??0out_of_range@std@@QEAA@PEBD@Z 0000000180009240 f i libcpmt:xthrow.obj
 0001:0000828c       ??1out_of_range@std@@UEAA@XZ 000000018000928c f i libcpmt:xthrow.obj
 0001:0000828c       ??1bad_alloc@std@@UEAA@XZ  000000018000928c f i libcpmt:xthrow.obj
 0001:0000828c       ??1bad_exception@std@@UEAA@XZ 000000018000928c f i libvcruntime:frame.obj
 0001:0000828c       ??1bad_array_new_length@std@@UEAA@XZ 000000018000928c f i LIBCMT:throw_bad_alloc.obj
 0001:0000828c       ??1length_error@std@@UEAA@XZ 000000018000928c f i libcpmt:xthrow.obj
 0001:000082a0       ?__scrt_throw_std_bad_alloc@@YAXXZ 00000001800092a0 f   LIBCMT:throw_bad_alloc.obj
 0001:000082a0       ?_Xbad_alloc@std@@YAXXZ    00000001800092a0 f   libcpmt:xthrow.obj
 0001:000082c0       ?_Xlength_error@std@@YAXPEBD@Z 00000001800092c0 f   libcpmt:xthrow.obj
 0001:000082e4       ?_Xout_of_range@std@@YAXPEBD@Z 00000001800092e4 f   libcpmt:xthrow.obj
 0001:00008308       ?_Ios_base_dtor@ios_base@std@@CAXPEAV12@@Z 0000000180009308 f   libcpmt:ios.obj
 0001:00008388       ?_Tidy@ios_base@std@@AEAAXXZ 0000000180009388 f i libcpmt:ios.obj
 0001:00008408       ??$_Xfiopen@D@std@@YAPEAU_iobuf@@PEBDHH@Z 0000000180009408 f i libcpmt:fiopen.obj
 0001:00008510       ?_Fiopen@std@@YAPEAU_iobuf@@PEBDHH@Z 0000000180009510 f   libcpmt:fiopen.obj
 0001:00008518       ?_Syserror_map@std@@YAPEBDH@Z 0000000180009518 f   libcpmt:syserror.obj
 0001:00008540       _Getctype                  0000000180009540 f   libcpmt:_tolower.obj
 0001:00008608       _Tolower                   0000000180009608 f   libcpmt:_tolower.obj
 0001:00008738       _Getcvt                    0000000180009738 f   libcpmt:xwctomb.obj
 0001:000087c8       _Toupper                   00000001800097c8 f   libcpmt:_toupper.obj
 0001:00008908       _Mtxdst                    0000000180009908 f   libcpmt:xmtx.obj
 0001:00008910       _Mtxinit                   0000000180009910 f   libcpmt:xmtx.obj
 0001:00008920       _Mtxlock                   0000000180009920 f   libcpmt:xmtx.obj
 0001:00008928       _Mtxunlock                 0000000180009928 f   libcpmt:xmtx.obj
 0001:00008e00       __crtInitOnceExecuteOnce   0000000180009e00 f   libcpmt:winapisupp.obj
 0001:00008ecc       __crtInitializeCriticalSectionEx 0000000180009ecc f   libcpmt:winapisupp.obj
 0001:00008efc       ?_Atexit@@YAXP6AXXZ@Z      0000000180009efc f   libcpmt:iosptrs.obj
 0001:00008f3c       __crtLCMapStringA          0000000180009f3c f   libcpmt:StlLCMapStringA.obj
 0001:000091f0       GetTableIndexFromLocaleName 000000018000a1f0 f   libcpmt:winapinls.obj
 0001:00009280       __crtDownlevelLocaleNameToLCID 000000018000a280 f   libcpmt:winapinls.obj
 0001:000092b4       __crtLCMapStringEx         000000018000a2b4 f   libcpmt:winapinls.obj
 0001:00009350       __wcsnicmp_ascii           000000018000a350 f   libcpmt:winapinls.obj
 0001:000093d0       __security_check_cookie    000000018000a3d0 f   LIBCMT:amdsecgs.obj
 0001:000093f4       ??3@YAXPEAX_K@Z            000000018000a3f4 f   LIBCMT:delete_scalar_size.obj
 0001:000093f4       ??_V@YAXPEAX@Z             000000018000a3f4 f   LIBCMT:delete_array.obj
 0001:000093fc       ??2@YAPEAX_K@Z             000000018000a3fc f   LIBCMT:new_scalar.obj
 0001:00009438       __scrt_acquire_startup_lock 000000018000a438 f   LIBCMT:utility.obj
 0001:00009474       __scrt_dllmain_after_initialize_c 000000018000a474 f   LIBCMT:utility.obj
 0001:000094a8       __scrt_dllmain_before_initialize_c 000000018000a4a8 f   LIBCMT:utility.obj
 0001:000094c0       __scrt_dllmain_crt_thread_attach 000000018000a4c0 f   LIBCMT:utility.obj
 0001:000094e8       __scrt_dllmain_crt_thread_detach 000000018000a4e8 f   LIBCMT:utility.obj
 0001:00009500       __scrt_dllmain_exception_filter 000000018000a500 f   LIBCMT:utility.obj
 0001:00009560       __scrt_dllmain_uninitialize_c 000000018000a560 f   LIBCMT:utility.obj
 0001:00009590       __scrt_dllmain_uninitialize_critical 000000018000a590 f   LIBCMT:utility.obj
 0001:000095a4       __scrt_initialize_crt      000000018000a5a4 f   LIBCMT:utility.obj
 0001:000095f0       __scrt_initialize_onexit_tables 000000018000a5f0 f   LIBCMT:utility.obj
 0001:000096c8       __scrt_is_nonwritable_in_current_image 000000018000a6c8 f   LIBCMT:utility.obj
 0001:00009764       __scrt_release_startup_lock 000000018000a764 f   LIBCMT:utility.obj
 0001:00009788       __scrt_uninitialize_crt    000000018000a788 f   LIBCMT:utility.obj
 0001:000097b4       _onexit                    000000018000a7b4 f   LIBCMT:utility.obj
 0001:00009804       atexit                     000000018000a804 f   LIBCMT:utility.obj
 0001:00009b4c       _DllMainCRTStartup         000000018000ab4c f   LIBCMT:dll_dllmain.obj
 0001:00009b8c       __GSHandlerCheck           000000018000ab8c f   LIBCMT:gshandler.obj
 0001:00009bac       __GSHandlerCheckCommon     000000018000abac f   LIBCMT:gshandler.obj
 0001:00009c08       __GSHandlerCheck_EH        000000018000ac08 f   LIBCMT:gshandlereh.obj
 0001:00009c88       ??_Etype_info@@UEAAPEAXI@Z 000000018000ac88 f i LIBCMT:std_type_info_static.obj
 0001:00009c88       ??_Gtype_info@@UEAAPEAXI@Z 000000018000ac88 f i LIBCMT:std_type_info_static.obj
 0001:00009cd0       __chkstk                   000000018000acd0 f   LIBCMT:chkstk.obj
 0001:00009cd0       _alloca_probe              000000018000acd0 f   LIBCMT:chkstk.obj
 0001:00009d24       __raise_securityfailure    000000018000ad24 f   LIBCMT:gs_report.obj
 0001:00009d58       __report_gsfailure         000000018000ad58 f   LIBCMT:gs_report.obj
 0001:00009e2c       __report_rangecheckfailure 000000018000ae2c f   LIBCMT:gs_report.obj
 0001:00009e40       __report_securityfailure   000000018000ae40 f   LIBCMT:gs_report.obj
 0001:00009fc0       ??3@YAXPEAX@Z              000000018000afc0 f   LIBCMT:delete_scalar.obj
 0001:00009fc8       ??0bad_array_new_length@std@@QEAA@AEBV01@@Z 000000018000afc8 f i LIBCMT:throw_bad_alloc.obj
 0001:0000a008       ??0bad_array_new_length@std@@QEAA@XZ 000000018000b008 f i LIBCMT:throw_bad_alloc.obj
 0001:0000a028       ?__scrt_throw_std_bad_array_new_length@@YAXXZ 000000018000b028 f   LIBCMT:throw_bad_alloc.obj
 0001:0000a048       __isa_available_init       000000018000b048 f   LIBCMT:cpu_disp.obj
 0001:0000a204       __scrt_is_ucrt_dll_in_use  000000018000b204 f   LIBCMT:ucrt_detection.obj
 0001:0000a210       __crt_debugger_hook        000000018000b210 f   LIBCMT:utility_desktop.obj
 0001:0000a218       __scrt_fastfail            000000018000b218 f   LIBCMT:utility_desktop.obj
 0001:0000a364       __security_init_cookie     000000018000b364 f   LIBCMT:gs_support.obj
 0001:0000a410       ?__scrt_initialize_type_info@@YAXXZ 000000018000b410 f   LIBCMT:tncleanup.obj
 0001:0000a420       ?__scrt_uninitialize_type_info@@YAXXZ 000000018000b420 f   LIBCMT:tncleanup.obj
 0001:0000a42c       __local_stdio_scanf_options 000000018000b42c f i LIBCMT:default_local_stdio_options.obj
 0001:0000a434       __scrt_initialize_default_local_stdio_options 000000018000b434 f   LIBCMT:default_local_stdio_options.obj
 0001:0000a450       __scrt_get_dyn_tls_init_callback 000000018000b450 f   LIBCMT:dyn_tls_init.obj
 0001:0000a458       _RTC_Initialize            000000018000b458 f   LIBCMT:initsect.obj
 0001:0000a494       _RTC_Terminate             000000018000b494 f   LIBCMT:initsect.obj
 0001:0000a4d0       _purecall                  000000018000b4d0 f   libvcruntime:purevirt.obj
 0001:0000a500       __std_exception_copy       000000018000b500 f   libvcruntime:std_exception.obj
 0001:0000a590       __std_exception_destroy    000000018000b590 f   libvcruntime:std_exception.obj
 0001:0000a5b8       _CxxThrowException         000000018000b5b8 f   libvcruntime:throw.obj
 0001:0000a678       ??$_CallSETranslator@V__FrameHandler3@@@@YAHPEAUEHExceptionRecord@@PEA_KPEAU_CONTEXT@@PEAU_xDISPATCHER_CONTEXT@@PEBU_s_FuncInfo@@K1@Z 000000018000b678 f i libvcruntime:risctrnsctrl.obj
 0001:0000a6cc       ?CatchTryBlock@__FrameHandler3@@SAPEBU_s_TryBlockMapEntry@@PEBU_s_FuncInfo@@H@Z 000000018000b6cc f   libvcruntime:risctrnsctrl.obj
 0001:0000a724       ?ExecutionInCatch@__FrameHandler3@@SA_NPEAU_xDISPATCHER_CONTEXT@@PEBU_s_FuncInfo@@@Z 000000018000b724 f   libvcruntime:risctrnsctrl.obj
 0001:0000a750       ?FrameUnwindToEmptyState@__FrameHandler3@@SAXPEA_KPEAU_xDISPATCHER_CONTEXT@@PEBU_s_FuncInfo@@@Z 000000018000b750 f   libvcruntime:risctrnsctrl.obj
 0001:0000a7b4       ?GetEstablisherFrame@__FrameHandler3@@SAPEA_KPEA_KPEAU_xDISPATCHER_CONTEXT@@PEBU_s_FuncInfo@@0@Z 000000018000b7b4 f   libvcruntime:risctrnsctrl.obj
 0001:0000a880       ?GetRangeOfTrysToCheck@__FrameHandler3@@SA?AU?$pair@Viterator@TryBlockMap@__FrameHandler3@@V123@@std@@AEAVTryBlockMap@1@HH@Z 000000018000b880 f   libvcruntime:risctrnsctrl.obj
 0001:0000a9dc       ?UnwindNestedFrames@__FrameHandler3@@SAXPEA_KPEAUEHExceptionRecord@@PEAU_CONTEXT@@0PEAXPEBU_s_FuncInfo@@HHPEBU_s_HandlerType@@PEAU_xDISPATCHER_CONTEXT@@E@Z 000000018000b9dc f   libvcruntime:risctrnsctrl.obj
 0001:0000ab00       _CreateFrameInfo           000000018000bb00 f   libvcruntime:risctrnsctrl.obj
 0001:0000ab3c       _FindAndUnlinkFrame        000000018000bb3c f   libvcruntime:risctrnsctrl.obj
 0001:0000ab90       _GetImageBase              000000018000bb90 f   libvcruntime:risctrnsctrl.obj
 0001:0000aba4       _GetThrowImageBase         000000018000bba4 f   libvcruntime:risctrnsctrl.obj
 0001:0000abb8       _SetImageBase              000000018000bbb8 f   libvcruntime:risctrnsctrl.obj
 0001:0000abd0       _SetThrowImageBase         000000018000bbd0 f   libvcruntime:risctrnsctrl.obj
 0001:0000abe8       __CxxFrameHandler3         000000018000bbe8 f   libvcruntime:risctrnsctrl.obj
 0001:0000ac80       memcpy_repmovs             000000018000bc80 f   libvcruntime:memcpy.obj
 0001:0000aca0       memcpy                     000000018000bca0 f   libvcruntime:memcpy.obj
 0001:0000aca0       memmove                    000000018000bca0 f   libvcruntime:memcpy.obj
 0001:0000b0f0       memset_repmovs             000000018000c0f0 f   libvcruntime:memset.obj
 0001:0000b110       memset                     000000018000c110 f   libvcruntime:memset.obj
 0001:0000b2a0       __DestructExceptionObject  000000018000c2a0 f   libvcruntime:ehhelpers.obj
 0001:0000b314       ?_CallMemberFunction0@@YAXQEAX0@Z 000000018000c314 f i libvcruntime:ehhelpers.obj
 0001:0000b318       _IsExceptionObjectToBeDestroyed 000000018000c318 f   libvcruntime:ehhelpers.obj
 0001:0000b348       __AdjustPointer            000000018000c348 f   libvcruntime:ehhelpers.obj
 0001:0000b36c       __FrameUnwindFilter        000000018000c36c f   libvcruntime:ehhelpers.obj
 0001:0000b3b8       __std_terminate            000000018000c3b8 f   libvcruntime:ehhelpers.obj
 0001:0000b3e0       memchr                     000000018000c3e0 f   libvcruntime:memchr.obj
 0001:0000b460       memcmp                     000000018000c460 f   libvcruntime:memcmp.obj
 0001:0000b528       __vcrt_initialize          000000018000c528 f   libvcruntime:initialization.obj
 0001:0000b55c       __vcrt_thread_attach       000000018000c55c f   libvcruntime:initialization.obj
 0001:0000b570       __vcrt_thread_detach       000000018000c570 f   libvcruntime:initialization.obj
 0001:0000b584       __vcrt_uninitialize        000000018000c584 f   libvcruntime:initialization.obj
 0001:0000b5a4       __vcrt_uninitialize_critical 000000018000c5a4 f   libvcruntime:initialization.obj
 0001:0000b5b4       __C_specific_handler       000000018000c5b4 f   libvcruntime:riscchandler.obj
 0001:0000b7c0       __std_type_info_compare    000000018000c7c0 f   libvcruntime:std_type_info.obj
 0001:0000b7e8       __std_type_info_destroy_list 000000018000c7e8 f   libvcruntime:std_type_info.obj
 0001:0000b814       __vcrt_initialize_pure_virtual_call_handler 000000018000c814 f   libvcruntime:purevirt_data.obj
 0001:0000b824       __vcrt_freefls             000000018000c824 f   libvcruntime:per_thread_data.obj
 0001:0000b844       __vcrt_freeptd             000000018000c844 f   libvcruntime:per_thread_data.obj
 0001:0000b894       __vcrt_getptd              000000018000c894 f   libvcruntime:per_thread_data.obj
 0001:0000b8b0       __vcrt_getptd_noexit       000000018000c8b0 f   libvcruntime:per_thread_data.obj
 0001:0000b97c       __vcrt_initialize_ptd      000000018000c97c f   libvcruntime:per_thread_data.obj
 0001:0000b9d0       __vcrt_uninitialize_ptd    000000018000c9d0 f   libvcruntime:per_thread_data.obj
 0001:0000b9f4       ?GetCurrentState@__FrameHandler3@@SAHPEA_KPEAU_xDISPATCHER_CONTEXT@@PEBU_s_FuncInfo@@@Z 000000018000c9f4 f   libvcruntime:ehstate.obj
 0001:0000ba1c       ?GetUnwindTryBlock@__FrameHandler3@@SAHPEA_KPEAU_xDISPATCHER_CONTEXT@@PEBU_s_FuncInfo@@@Z 000000018000ca1c f   libvcruntime:ehstate.obj
 0001:0000ba48       ?SetState@__FrameHandler3@@SAXPEA_KPEBU_s_FuncInfo@@H@Z 000000018000ca48 f   libvcruntime:ehstate.obj
 0001:0000ba54       ?SetUnwindTryBlock@__FrameHandler3@@SAXPEA_KPEAU_xDISPATCHER_CONTEXT@@PEBU_s_FuncInfo@@H@Z 000000018000ca54 f   libvcruntime:ehstate.obj
 0001:0000ba90       ?StateFromControlPc@__FrameHandler3@@SAHPEBU_s_FuncInfo@@PEAU_xDISPATCHER_CONTEXT@@@Z 000000018000ca90 f   libvcruntime:ehstate.obj
 0001:0000ba98       ?StateFromIp@__FrameHandler3@@SAHPEBU_s_FuncInfo@@PEAU_xDISPATCHER_CONTEXT@@_K@Z 000000018000ca98 f   libvcruntime:ehstate.obj
 0001:0000c524       ??$TypeMatchHelper@V__FrameHandler3@@@@YAHPEBU_s_HandlerType@@PEBU_s_CatchableType@@PEBU_s_ThrowInfo@@@Z 000000018000d524 f i libvcruntime:frame.obj
 0001:0000c668       ??$__InternalCxxFrameHandler@V__FrameHandler3@@@@YA?AW4_EXCEPTION_DISPOSITION@@PEAUEHExceptionRecord@@PEA_KPEAU_CONTEXT@@PEAU_xDISPATCHER_CONTEXT@@PEBU_s_FuncInfo@@H1E@Z 000000018000d668 f i libvcruntime:frame.obj
 0001:0000c8b0       ??0bad_exception@std@@QEAA@AEBV01@@Z 000000018000d8b0 f i libvcruntime:frame.obj
 0001:0000c8f0       ??0bad_exception@std@@QEAA@XZ 000000018000d8f0 f i libvcruntime:frame.obj
 0001:0000c910       ?CxxCallCatchBlock@__FrameHandler3@@SAPEAXPEAU_EXCEPTION_RECORD@@@Z 000000018000d910 f   libvcruntime:frame.obj
 0001:0000cb84       ?FrameUnwindToState@__FrameHandler3@@SAXPEA_KPEAU_xDISPATCHER_CONTEXT@@PEBU_s_FuncInfo@@H@Z 000000018000db84 f   libvcruntime:frame.obj
 0001:0000cd18       ?GetHandlerSearchState@__FrameHandler3@@SAHPEA_KPEAU_xDISPATCHER_CONTEXT@@PEBU_s_FuncInfo@@@Z 000000018000dd18 f i libvcruntime:frame.obj
 0001:0000cf1c       ?_CallMemberFunction1@@YAXQEAX00@Z 000000018000df1c f i libvcruntime:frame.obj
 0001:0000cf28       ?_CallMemberFunction2@@YAXQEAX00H@Z 000000018000df28 f i libvcruntime:frame.obj
 0001:0000cf38       __vcrt_initialize_locks    000000018000df38 f   libvcruntime:locks.obj
 0001:0000cf80       __vcrt_uninitialize_locks  000000018000df80 f   libvcruntime:locks.obj
 0001:0000d190       __vcrt_FlsAlloc            000000018000e190 f   libvcruntime:winapi_downlevel.obj
 0001:0000d1d8       __vcrt_FlsFree             000000018000e1d8 f   libvcruntime:winapi_downlevel.obj
 0001:0000d220       __vcrt_FlsGetValue         000000018000e220 f   libvcruntime:winapi_downlevel.obj
 0001:0000d268       __vcrt_FlsSetValue         000000018000e268 f   libvcruntime:winapi_downlevel.obj
 0001:0000d2bc       __vcrt_InitializeCriticalSectionEx 000000018000e2bc f   libvcruntime:winapi_downlevel.obj
 0001:0000d320       __vcrt_initialize_winapi_thunks 000000018000e320 f   libvcruntime:winapi_downlevel.obj
 0001:0000d350       __vcrt_uninitialize_winapi_thunks 000000018000e350 f   libvcruntime:winapi_downlevel.obj
 0001:0000d3a0       _NLG_Notify                000000018000e3a0 f   libvcruntime:notify.obj
 0001:0000d3c0       __NLG_Dispatch2            000000018000e3c0 f   libvcruntime:notify.obj
 0001:0000d3d0       __NLG_Return2              000000018000e3d0 f   libvcruntime:notify.obj
 0001:0000d3d4       __except_validate_context_record 000000018000e3d4 f   libvcruntime:jbcxrval.obj
 0001:0000d420       _CallSettingFrame          000000018000e420 f   libvcruntime:handlers.obj
 0001:0000d470       _CallSettingFrameEncoded   000000018000e470 f   libvcruntime:handlers.obj
 0001:0000d4b8       abort                      000000018000e4b8 f   libucrt:abort.obj
 0001:0000d510       fputc                      000000018000e510 f   libucrt:fputc.obj
 0001:0000d634       calloc                     000000018000e634 f   libucrt:calloc.obj
 0001:0000d63c       __acrt_initialize_clock    000000018000e63c f   libucrt:clock.obj
 0001:0000d690       clock                      000000018000e690 f   libucrt:clock.obj
 0001:0000d6f4       __acrt_call_reportfault    000000018000e6f4 f   libucrt:invalid_parameter.obj
 0001:0000d850       __acrt_initialize_invalid_parameter_handler 000000018000e850 f   libucrt:invalid_parameter.obj
 0001:0000d858       _invalid_parameter         000000018000e858 f   libucrt:invalid_parameter.obj
 0001:0000d908       _invalid_parameter_noinfo  000000018000e908 f   libucrt:invalid_parameter.obj
 0001:0000d928       _invalid_parameter_noinfo_noreturn 000000018000e928 f   libucrt:invalid_parameter.obj
 0001:0000d958       _invoke_watson             000000018000e958 f   libucrt:invalid_parameter.obj
 0001:0000dbbc       __acrt_stdio_flush_nolock  000000018000ebbc f   libucrt:fflush.obj
 0001:0000dc38       _fflush_nolock             000000018000ec38 f   libucrt:fflush.obj
 0001:0000dc84       _flushall                  000000018000ec84 f   libucrt:fflush.obj
 0001:0000dc8c       fflush                     000000018000ec8c f   libucrt:fflush.obj
 0001:0000dcf4       _fclose_nolock             000000018000ecf4 f   libucrt:fclose.obj
 0001:0000dd78       fclose                     000000018000ed78 f   libucrt:fclose.obj
 0001:0000dddc       rand                       000000018000eddc f   libucrt:rand.obj
 0001:0000deb0       strcspn                    000000018000eeb0 f   libucrt:strcspn.obj
 0001:0000e440       ??$ensure_buffer_is_big_enough@D@formatting_buffer@__crt_stdio_output@@QEAA_N_K@Z 000000018000f440 f i libucrt:output.obj
 0001:0000e4e8       ??$type_case_integer_parse_into_buffer@I@?$output_processor@DV?$string_output_adapter@D@__crt_stdio_output@@V?$format_validation_base@DV?$string_output_adapter@D@__crt_stdio_output@@@2@@__crt_stdio_output@@AEAAXII_N@Z 000000018000f4e8 f i libucrt:output.obj
 0001:0000e578       ??$type_case_integer_parse_into_buffer@_K@?$output_processor@DV?$string_output_adapter@D@__crt_stdio_output@@V?$format_validation_base@DV?$string_output_adapter@D@__crt_stdio_output@@@2@@__crt_stdio_output@@AEAAX_KI_N@Z 000000018000f578 f i libucrt:output.obj
 0001:0000e60c       ??$write_multiple_characters@V?$string_output_adapter@D@__crt_stdio_output@@D@__crt_stdio_output@@YAXAEBV?$string_output_adapter@D@0@DHQEAH@Z 000000018000f60c f i libucrt:output.obj
 0001:0000e684       ??0_LocaleUpdate@@QEAA@QEAU__crt_locale_pointers@@@Z 000000018000f684 f i libucrt:output.obj
 0001:0000e720       ??1_LocaleUpdate@@QEAA@XZ  000000018000f720 f i libucrt:output.obj
 0001:0000e734       ?crop_zeroes@__crt_stdio_output@@YAXPEADQEAU__crt_locale_pointers@@@Z 000000018000f734 f i libucrt:output.obj
 0001:0000e7a0       ?force_decimal_point@__crt_stdio_output@@YAXPEADQEAU__crt_locale_pointers@@@Z 000000018000f7a0 f i libucrt:output.obj
 0001:0000e810       ?parse_int_from_format_string@?$output_processor@DV?$string_output_adapter@D@__crt_stdio_output@@V?$format_validation_base@DV?$string_output_adapter@D@__crt_stdio_output@@@2@@__crt_stdio_output@@AEAA_NQEAH@Z 000000018000f810 f i libucrt:output.obj
 0001:0000e8b4       ?process@?$output_processor@DV?$string_output_adapter@D@__crt_stdio_output@@V?$format_validation_base@DV?$string_output_adapter@D@__crt_stdio_output@@@2@@__crt_stdio_output@@QEAAHXZ 000000018000f8b4 f i libucrt:output.obj
 0001:0000eacc       ?state_case_normal@?$output_processor@DV?$string_output_adapter@D@__crt_stdio_output@@V?$format_validation_base@DV?$string_output_adapter@D@__crt_stdio_output@@@2@@__crt_stdio_output@@AEAA_NXZ 000000018000facc f i libucrt:output.obj
 0001:0000eb40       ?state_case_normal_tchar@?$output_processor@DV?$string_output_adapter@D@__crt_stdio_output@@V?$format_validation_base@DV?$string_output_adapter@D@__crt_stdio_output@@@2@@__crt_stdio_output@@AEAA_ND@Z 000000018000fb40 f i libucrt:output.obj
 0001:0000ebe8       ?state_case_size@?$output_processor@DV?$string_output_adapter@D@__crt_stdio_output@@V?$format_validation_base@DV?$string_output_adapter@D@__crt_stdio_output@@@2@@__crt_stdio_output@@AEAA_NXZ 000000018000fbe8 f i libucrt:output.obj
 0001:0000ed5c       ?state_case_type@?$output_processor@DV?$string_output_adapter@D@__crt_stdio_output@@V?$format_validation_base@DV?$string_output_adapter@D@__crt_stdio_output@@@2@@__crt_stdio_output@@AEAA_NXZ 000000018000fd5c f i libucrt:output.obj
 0001:0000efc4       ?type_case_Z@?$output_processor@DV?$string_output_adapter@D@__crt_stdio_output@@V?$format_validation_base@DV?$string_output_adapter@D@__crt_stdio_output@@@2@@__crt_stdio_output@@AEAA_NXZ 000000018000ffc4 f i libucrt:output.obj
 0001:0000f03c       ?type_case_a@?$output_processor@DV?$string_output_adapter@D@__crt_stdio_output@@V?$format_validation_base@DV?$string_output_adapter@D@__crt_stdio_output@@@2@@__crt_stdio_output@@AEAA_NXZ 000000018001003c f i libucrt:output.obj
 0001:0000f1f8       ?type_case_c_tchar@?$output_processor@DV?$string_output_adapter@D@__crt_stdio_output@@V?$format_validation_base@DV?$string_output_adapter@D@__crt_stdio_output@@@2@@__crt_stdio_output@@AEAA_ND@Z 00000001800101f8 f i libucrt:output.obj
 0001:0000f2b4       ?type_case_integer@?$output_processor@DV?$string_output_adapter@D@__crt_stdio_output@@V?$format_validation_base@DV?$string_output_adapter@D@__crt_stdio_output@@@2@@__crt_stdio_output@@AEAA_NI_N@Z 00000001800102b4 f i libucrt:output.obj
 0001:0000f47c       ?type_case_n@?$output_processor@DV?$string_output_adapter@D@__crt_stdio_output@@V?$format_validation_base@DV?$string_output_adapter@D@__crt_stdio_output@@@2@@__crt_stdio_output@@AEAA_NXZ 000000018001047c f i libucrt:output.obj
 0001:0000f558       ?type_case_s@?$output_processor@DV?$string_output_adapter@D@__crt_stdio_output@@V?$format_validation_base@DV?$string_output_adapter@D@__crt_stdio_output@@@2@@__crt_stdio_output@@AEAA_NXZ 0000000180010558 f i libucrt:output.obj
 0001:0000f5f0       ?write_stored_string_tchar@?$output_processor@DV?$string_output_adapter@D@__crt_stdio_output@@V?$format_validation_base@DV?$string_output_adapter@D@__crt_stdio_output@@@2@@__crt_stdio_output@@AEAA_ND@Z 00000001800105f0 f i libucrt:output.obj
 0001:0000f6c8       ?write_string@?$string_output_adapter@D@__crt_stdio_output@@QEBAXQEBDHQEAHAEAV__crt_deferred_errno_cache@@@Z 00000001800106c8 f i libucrt:output.obj
 0001:0000f76c       __stdio_common_vsprintf_s  000000018001076c f   libucrt:output.obj
 0001:0000f7d0       _fgetc_nolock              00000001800107d0 f   libucrt:fgetc.obj
 0001:0000f814       fgetc                      0000000180010814 f   libucrt:fgetc.obj
 0001:0000f91c       __acrt_initialize_stdio    000000018001091c f   libucrt:_file.obj
 0001:0000fa3c       __acrt_iob_func            0000000180010a3c f   libucrt:_file.obj
 0001:0000fa50       __acrt_uninitialize_stdio  0000000180010a50 f   libucrt:_file.obj
 0001:0000faac       _get_stream_buffer_pointers 0000000180010aac f   libucrt:_file.obj
 0001:0000faf4       _lock_file                 0000000180010af4 f   libucrt:_file.obj
 0001:0000fb00       _unlock_file               0000000180010b00 f   libucrt:_file.obj
 0001:0000fb0c       localeconv                 0000000180010b0c f   libucrt:localeconv.obj
 0001:0000fbe4       _fwrite_nolock             0000000180010be4 f   libucrt:fwrite.obj
 0001:0000fd90       fwrite                     0000000180010d90 f   libucrt:fwrite.obj
 0001:0000fe14       fgetpos                    0000000180010e14 f   libucrt:fgetpos.obj
 0001:0000ff80       setvbuf                    0000000180010f80 f   libucrt:setvbuf.obj
 0001:0001001c       free                       000000018001101c f   libucrt:free.obj
 0001:00010030       _ungetc_nolock             0000000180011030 f   libucrt:ungetc.obj
 0001:00010158       ungetc                     0000000180011158 f   libucrt:ungetc.obj
 0001:000101b0       frexp                      00000001800111b0 f   libucrt:frexp.obj
 0001:000102a8       fsetpos                    00000001800112a8 f   libucrt:fsetpos.obj
 0001:000102e0       _fread_nolock_s            00000001800112e0 f   libucrt:fread.obj
 0001:00010570       fread                      0000000180011570 f   libucrt:fread.obj
 0001:00010590       fread_s                    0000000180011590 f   libucrt:fread.obj
 0001:00010840       _fseeki64                  0000000180011840 f   libucrt:fseek.obj
 0001:00010848       fseek                      0000000180011848 f   libucrt:fseek.obj
 0001:00010850       __ascii_stricmp            0000000180011850 f   libucrt:stricmp.obj
 0001:00010890       _stricmp                   0000000180011890 f   libucrt:stricmp.obj
 0001:000108d8       _stricmp_l                 00000001800118d8 f   libucrt:stricmp.obj
 0001:0001098c       __acrt_initialize_locks    000000018001198c f   libucrt:locks.obj
 0001:000109d4       __acrt_lock                00000001800119d4 f   libucrt:locks.obj
 0001:000109f0       __acrt_uninitialize_locks  00000001800119f0 f   libucrt:locks.obj
 0001:00010a28       __acrt_unlock              0000000180011a28 f   libucrt:locks.obj
 0001:00010a44       _lock_locales              0000000180011a44 f   libucrt:locks.obj
 0001:00010a60       _unlock_locales            0000000180011a60 f   libucrt:locks.obj
 0001:00010a70       terminate                  0000000180011a70 f   libucrt:terminate.obj
 0001:00010a90       malloc                     0000000180011a90 f   libucrt:malloc.obj
 0001:00010d78       setlocale                  0000000180011d78 f   libucrt:setlocale.obj
 0001:00010e80       _fsopen                    0000000180011e80 f   libucrt:fopen.obj
 0001:00010e88       __pctype_func              0000000180011e88 f   libucrt:ctype.obj
 0001:00010eb8       isdigit                    0000000180011eb8 f i libucrt:_ctype.obj
 0001:00010f4c       islower                    0000000180011f4c f i libucrt:_ctype.obj
 0001:00010fe0       isupper                    0000000180011fe0 f i libucrt:_ctype.obj
 0001:00011074       _wcsdup                    0000000180012074 f   libucrt:wcsdup.obj
 0001:000110f8       ___lc_codepage_func        00000001800120f8 f   libucrt:initctype.obj
 0001:00011128       ___lc_locale_name_func     0000000180012128 f   libucrt:initctype.obj
 0001:0001115c       ___mb_cur_max_func         000000018001215c f   libucrt:initctype.obj
 0001:0001118c       __acrt_locale_initialize_ctype 000000018001218c f   libucrt:initctype.obj
 0001:000117dc       __acrt_errno_from_os_error 00000001800127dc f   libucrt:errno.obj
 0001:00011824       __acrt_errno_map_os_error  0000000180012824 f   libucrt:errno.obj
 0001:00011874       __doserrno                 0000000180012874 f   libucrt:errno.obj
 0001:00011894       _errno                     0000000180012894 f   libucrt:errno.obj
 0001:000118c0       ?divide@__crt_strtox@@YA_KAEAUbig_integer@1@AEBU21@@Z 00000001800128c0 f i libucrt:strtod.obj
 0001:00011d80       pow                        0000000180012d80 f   libucrt:pow.obj
 0001:00013420       powf                       0000000180014420 f   libucrt:powf.obj
 0001:000142e8       __strncnt                  00000001800152e8 f   libucrt:strncnt.obj
 0001:00014300       ??$__acrt_mbs_to_wcs_cp@U__crt_win32_buffer_internal_dynamic_resizing@@@@YAHQEBDAEAV?$__crt_win32_buffer@_WU__crt_win32_buffer_internal_dynamic_resizing@@@@I@Z 0000000180015300 f i libucrt:strftime.obj
 0001:00014478       ??$__acrt_wcs_to_mbs_cp@U__crt_win32_buffer_no_resizing@@@@YAHQEB_WAEAV?$__crt_win32_buffer@DU__crt_win32_buffer_no_resizing@@@@I@Z 0000000180015478 f i libucrt:strftime.obj
 0001:000145ec       _tolower_l                 00000001800155ec f   libucrt:tolower_toupper.obj
 0001:0001472c       tolower                    000000018001572c f   libucrt:tolower_toupper.obj
 0001:00014758       wcscpy_s                   0000000180015758 f   libucrt:wcscpy_s.obj
 0001:000147c0       strnlen                    00000001800157c0 f   libucrt:strnlen.obj
 0001:00014910       wcsnlen                    0000000180015910 f   libucrt:strnlen.obj
 0001:00014ae8       __acrt_initialize_new_handler 0000000180015ae8 f   libucrt:new_handler.obj
 0001:00014af0       _callnewh                  0000000180015af0 f   libucrt:new_handler.obj
 0001:00014b20       _query_new_handler         0000000180015b20 f   libucrt:new_handler.obj
 0001:00014b54       _seh_filter_dll            0000000180015b54 f   libucrt:exception_filter.obj
 0001:00014b68       _seh_filter_exe            0000000180015b68 f   libucrt:exception_filter.obj
 0001:00014f58       __acrt_initialize_thread_local_exit_callback 0000000180015f58 f   libucrt:exit.obj
 0001:00014f60       _cexit                     0000000180015f60 f   libucrt:exit.obj
 0001:00014f70       _exit                      0000000180015f70 f   libucrt:exit.obj
 0001:00014f7c       _is_c_termination_complete 0000000180015f7c f   libucrt:exit.obj
 0001:00015148       __acrt_allocate_buffer_for_argv 0000000180016148 f   libucrt:argv_parsing.obj
 0001:000151a8       _configure_narrow_argv     00000001800161a8 f   libucrt:argv_parsing.obj
 0001:00015520       __dcrt_uninitialize_environments_nolock 0000000180016520 f   libucrt:environment_initialization.obj
 0001:00015558       _initialize_narrow_environment 0000000180016558 f   libucrt:environment_initialization.obj
 0001:000158a0       _crt_atexit                00000001800168a0 f   libucrt:onexit.obj
 0001:000158b0       _execute_onexit_table      00000001800168b0 f   libucrt:onexit.obj
 0001:000158ec       _initialize_onexit_table   00000001800168ec f   libucrt:onexit.obj
 0001:00015914       _register_onexit_function  0000000180016914 f   libucrt:onexit.obj
 0001:00015a88       __acrt_initialize          0000000180016a88 f   libucrt:initialization.obj
 0001:00015a9c       __acrt_thread_attach       0000000180016a9c f   libucrt:initialization.obj
 0001:00015ab0       __acrt_thread_detach       0000000180016ab0 f   libucrt:initialization.obj
 0001:00015ac0       __acrt_uninitialize        0000000180016ac0 f   libucrt:initialization.obj
 0001:00015af8       __acrt_uninitialize_critical 0000000180016af8 f   libucrt:initialization.obj
 0001:00015b08       _initterm                  0000000180016b08 f   libucrt:initterm.obj
 0001:00015b6c       _initterm_e                0000000180016b6c f   libucrt:initterm.obj
 0001:00015bac       strcpy_s                   0000000180016bac f   libucrt:strcpy_s.obj
 0001:00015c0c       wcsncmp                    0000000180016c0c f   libucrt:wcsncmp.obj
 0001:00015c38       ??$parse_integer@KV?$c_string_character_source@D@__crt_strtox@@@__crt_strtox@@YAKQEAU__crt_locale_pointers@@V?$c_string_character_source@D@0@H_N@Z 0000000180016c38 f i libucrt:atox.obj
 0001:00015f74       ??$parse_integer@KV?$c_string_character_source@_W@__crt_strtox@@@__crt_strtox@@YAKQEAU__crt_locale_pointers@@V?$c_string_character_source@_W@0@H_N@Z 0000000180016f74 f i libucrt:atox.obj
 0001:00016628       _wtol                      0000000180017628 f   libucrt:atox.obj
 0001:00016670       strncmp                    0000000180017670 f   libucrt:strncmp.obj
 0001:00016738       __acrt_get_sigabrt_handler 0000000180017738 f   libucrt:signal.obj
 0001:00016768       __acrt_initialize_signal_handlers 0000000180017768 f   libucrt:signal.obj
 0001:00016788       raise                      0000000180017788 f   libucrt:signal.obj
 0001:000169f4       _fileno                    00000001800179f4 f   libucrt:fileno.obj
 0001:00016b78       __acrt_stdio_flush_and_write_narrow_nolock 0000000180017b78 f   libucrt:_flsbuf.obj
 0001:00016e60       __acrt_initialize_lowio    0000000180017e60 f   libucrt:ioinit.obj
 0001:00016e9c       __acrt_uninitialize_lowio  0000000180017e9c f   libucrt:ioinit.obj
 0001:00016edc       _calloc_base               0000000180017edc f   libucrt:calloc_base.obj
 0001:000172cc       __acrt_freeptd             00000001800182cc f   libucrt:per_thread_data.obj
 0001:00017310       __acrt_getptd              0000000180018310 f   libucrt:per_thread_data.obj
 0001:000173e4       __acrt_getptd_head         00000001800183e4 f   libucrt:per_thread_data.obj
 0001:0001748c       __acrt_getptd_noexit       000000018001848c f   libucrt:per_thread_data.obj
 0001:00017558       __acrt_initialize_ptd      0000000180018558 f   libucrt:per_thread_data.obj
 0001:00017594       __acrt_uninitialize_ptd    0000000180018594 f   libucrt:per_thread_data.obj
 0001:00017644       _commit                    0000000180018644 f   libucrt:commit.obj
 0001:00017f44       _write                     0000000180018f44 f   libucrt:write.obj
 0001:00018030       _write_nolock              0000000180019030 f   libucrt:write.obj
 0001:0001830c       _free_base                 000000018001930c f   libucrt:free_base.obj
 0001:000183c0       _close                     00000001800193c0 f   libucrt:close.obj
 0001:00018464       _close_nolock              0000000180019464 f   libucrt:close.obj
 0001:00018524       ?__acrt_stdio_allocate_stream@@YA?AV__crt_stdio_stream@@XZ 0000000180019524 f   libucrt:stream.obj
 0001:0001857c       ?__acrt_stdio_free_stream@@YAXV__crt_stdio_stream@@@Z 000000018001957c f   libucrt:stream.obj
 0001:00018684       __acrt_stdio_free_buffer_nolock 0000000180019684 f   libucrt:_freebuf.obj
 0001:000186c4       _malloc_base               00000001800196c4 f   libucrt:malloc_base.obj
 0001:00018724       strtol                     0000000180019724 f   libucrt:strtox.obj
 0001:00018750       _mbtowc_l                  0000000180019750 f   libucrt:mbtowc.obj
 0001:000188cc       mbtowc                     00000001800198cc f   libucrt:mbtowc.obj
 0001:000188d4       _wctomb_s_l                00000001800198d4 f   libucrt:wctomb.obj
 0001:00018a74       wctomb_s                   0000000180019a74 f   libucrt:wctomb.obj
 0001:00018a88       __acrt_update_locale_info  0000000180019a88 f   libucrt:locale_update.obj
 0001:00018abc       __acrt_update_multibyte_info 0000000180019abc f   libucrt:locale_update.obj
 0001:000194c4       __acrt_fp_format           000000018001a4c4 f   libucrt:cvt.obj
 0001:0001974c       _get_printf_count_output   000000018001a74c f   libucrt:printf_count_output.obj
 0001:00019764       __acrt_stdio_begin_temporary_buffering_nolock 000000018001a764 f   libucrt:_sftbuf.obj
 0001:00019834       __acrt_stdio_end_temporary_buffering_nolock 000000018001a834 f   libucrt:_sftbuf.obj
 0001:00019ad8       __acrt_copy_locale_name    000000018001aad8 f   libucrt:wsetlocale.obj
 0001:00019b5c       __acrt_set_locale_changed  000000018001ab5c f   libucrt:wsetlocale.obj
 0001:00019b68       __acrt_uninitialize_locale 000000018001ab68 f   libucrt:wsetlocale.obj
 0001:00019b98       __lc_lctowcs               000000018001ab98 f   libucrt:wsetlocale.obj
 0001:00019c3c       __lc_wcstolc               000000018001ac3c f   libucrt:wsetlocale.obj
 0001:00019e78       _expandlocale              000000018001ae78 f   libucrt:wsetlocale.obj
 0001:0001a25c       _wcscats                   000000018001b25c f   libucrt:wsetlocale.obj
 0001:0001a2c4       _wsetlocale                000000018001b2c4 f   libucrt:wsetlocale.obj
 0001:0001ab3c       __acrt_stdio_refill_and_read_narrow_nolock 000000018001bb3c f   libucrt:_filbuf.obj
 0001:0001af24       __acrt_AppPolicyGetProcessTerminationMethodInternal 000000018001bf24 f   libucrt:winapi_thunks.obj
 0001:0001af74       __acrt_AreFileApisANSI     000000018001bf74 f   libucrt:winapi_thunks.obj
 0001:0001afb0       __acrt_EnumSystemLocalesEx 000000018001bfb0 f   libucrt:winapi_thunks.obj
 0001:0001b048       __acrt_FlsAlloc            000000018001c048 f   libucrt:winapi_thunks.obj
 0001:0001b090       __acrt_FlsFree             000000018001c090 f   libucrt:winapi_thunks.obj
 0001:0001b0d8       __acrt_FlsGetValue         000000018001c0d8 f   libucrt:winapi_thunks.obj
 0001:0001b120       __acrt_FlsSetValue         000000018001c120 f   libucrt:winapi_thunks.obj
 0001:0001b174       __acrt_GetLocaleInfoEx     000000018001c174 f   libucrt:winapi_thunks.obj
 0001:0001b1f8       __acrt_GetUserDefaultLocaleName 000000018001c1f8 f   libucrt:winapi_thunks.obj
 0001:0001b25c       __acrt_InitializeCriticalSectionEx 000000018001c25c f   libucrt:winapi_thunks.obj
 0001:0001b2c0       __acrt_IsValidLocaleName   000000018001c2c0 f   libucrt:winapi_thunks.obj
 0001:0001b318       __acrt_LCIDToLocaleName    000000018001c318 f   libucrt:winapi_thunks.obj
 0001:0001b388       __acrt_LCMapStringEx       000000018001c388 f   libucrt:winapi_thunks.obj
 0001:0001b464       __acrt_LocaleNameToLCID    000000018001c464 f   libucrt:winapi_thunks.obj
 0001:0001b4b4       __acrt_can_use_vista_locale_apis 000000018001c4b4 f   libucrt:winapi_thunks.obj
 0001:0001b4e4       __acrt_eagerly_load_locale_apis 000000018001c4e4 f   libucrt:winapi_thunks.obj
 0001:0001b640       __acrt_initialize_winapi_thunks 000000018001c640 f   libucrt:winapi_thunks.obj
 0001:0001b674       __acrt_uninitialize_winapi_thunks 000000018001c674 f   libucrt:winapi_thunks.obj
 0001:0001b6b8       _fcloseall                 000000018001c6b8 f   libucrt:closeall.obj
 0001:0001bc3c       _ftelli64                  000000018001cc3c f   libucrt:ftell.obj
 0001:0001bc44       _ftelli64_nolock           000000018001cc44 f   libucrt:ftell.obj
 0001:0001bc4c       __acrt_stdio_allocate_buffer_nolock 000000018001cc4c f   libucrt:_getbuf.obj
 0001:0001bcb4       _dsign                     000000018001ccb4 f   libucrt:nan.obj
 0001:0001bccc       _errcode                   000000018001cccc f   libucrt:fpexcept.obj
 0001:0001bd10       _except1                   000000018001cd10 f   libucrt:fpexcept.obj
 0001:0001be04       _handle_exc                000000018001ce04 f   libucrt:fpexcept.obj
 0001:0001c06c       _raise_exc                 000000018001d06c f   libucrt:fpexcept.obj
 0001:0001c094       _raise_exc_ex              000000018001d094 f   libucrt:fpexcept.obj
 0001:0001c3a4       _raise_excf                000000018001d3a4 f   libucrt:fpexcept.obj
 0001:0001c3d0       _set_errno_from_matherr    000000018001d3d0 f   libucrt:fpexcept.obj
 0001:0001c400       _umatherr                  000000018001d400 f   libucrt:fpexcept.obj
 0001:0001c4d4       _decomp                    000000018001d4d4 f   libucrt:util.obj
 0001:0001c60c       _sptype                    000000018001d60c f   libucrt:util.obj
 0001:0001c680       _clrfp                     000000018001d680 f   libucrt:fpctrl.obj
 0001:0001c6a0       _ctrlfp                    000000018001d6a0 f   libucrt:fpctrl.obj
 0001:0001c71c       _set_statfp                000000018001d71c f   libucrt:fpctrl.obj
 0001:0001c73c       _statfp                    000000018001d73c f   libucrt:fpctrl.obj
 0001:0001cd24       _read                      000000018001dd24 f   libucrt:read.obj
 0001:0001ce40       _read_nolock               000000018001de40 f   libucrt:read.obj
 0001:0001d424       _lseeki64                  000000018001e424 f   libucrt:lseek.obj
 0001:0001d42c       _lseeki64_nolock           000000018001e42c f   libucrt:lseek.obj
 0001:0001d638       _mbstowcs_s_l              000000018001e638 f   libucrt:mbstowcs.obj
 0001:0001d76c       mbstowcs_s                 000000018001e76c f   libucrt:mbstowcs.obj
 0001:0001daf4       _wcstombs_s_l              000000018001eaf4 f   libucrt:wcstombs.obj
 0001:0001dbe0       ??$__acrt_stdio_parse_mode@D@@YA?AU__acrt_stdio_stream_mode@@QEBD@Z 000000018001ebe0 f i libucrt:openfile.obj
 0001:0001dea4       _openfile                  000000018001eea4 f   libucrt:openfile.obj
 0001:0001df40       _isctype_l                 000000018001ef40 f   libucrt:isctype.obj
 0001:0001e1cc       __acrt_GetLocaleInfoA      000000018001f1cc f   libucrt:getlocaleinfoa.obj
 0001:0001e394       __acrt_GetStringTypeA      000000018001f394 f   libucrt:getstringtypea.obj
 0001:0001e83c       __acrt_LCMapStringA        000000018001f83c f   libucrt:lcmapstringa.obj
 0001:0001e8d4       _realloc_base              000000018001f8d4 f   libucrt:realloc_base.obj
 0001:0001e950       iswctype                   000000018001f950 f   libucrt:iswctype.obj
 0001:0001e9c0       __acrt_initialize_fma3     000000018001f9c0 f   libucrt:fma3_available.obj
 0001:0001ea30       _pow_special               000000018001fa30 f   libucrt:pow_special.obj
 0001:0001eb54       _powf_special              000000018001fb54 f   libucrt:pow_special.obj
 0001:0001ece0       __acrt_MultiByteToWideChar 000000018001fce0 f   libucrt:multibytetowidechar.obj
 0001:0001ed3c       __acrt_WideCharToMultiByte 000000018001fd3c f   libucrt:widechartomultibyte.obj
 0001:0001edd4       _wcsicmp                   000000018001fdd4 f   libucrt:wcsicmp.obj
 0001:0001ee6c       _wcsicmp_l                 000000018001fe6c f   libucrt:wcsicmp.obj
 0001:0001ef6c       __acrt_initialize_timeset  000000018001ff6c f   libucrt:timeset.obj
 0001:0001efb0       _isleadbyte_l              000000018001ffb0 f i libucrt:_wctype.obj
 0001:0001effc       __acrt_get_process_end_policy 000000018001fffc f   libucrt:win_policies.obj
 0001:0001f04c       ??$__acrt_wcs_to_mbs_cp@U__crt_win32_buffer_internal_dynamic_resizing@@@@YAHQEB_WAEAV?$__crt_win32_buffer@DU__crt_win32_buffer_internal_dynamic_resizing@@@@I@Z 000000018002004c f i libucrt:argv_wildcards.obj
 0001:0001f87c       __acrt_expand_narrow_argv_wildcards 000000018002087c f   libucrt:argv_wildcards.obj
 0001:0001f884       __acrt_GetModuleFileNameA  0000000180020884 f   libucrt:getmodulefilenamea.obj
 0001:000200d0       __acrt_initialize_multibyte 00000001800210d0 f   libucrt:mbctype.obj
 0001:00020130       __acrt_update_thread_multibyte_data 0000000180021130 f   libucrt:mbctype.obj
 0001:0002014c       _setmbcp_nolock            000000018002114c f   libucrt:mbctype.obj
 0001:00020480       _ismbblead                 0000000180021480 f   libucrt:ismbbyte.obj
 0001:00020494       __acrt_initialize_command_line 0000000180021494 f   libucrt:argv_data.obj
 0001:000204bc       __dcrt_get_narrow_environment_from_os 00000001800214bc f   libucrt:get_environment_from_os.obj
 0001:000205c0       _recalloc_base             00000001800215c0 f   libucrt:recalloc.obj
 0001:00020658       __acrt_initialize_heap     0000000180021658 f   libucrt:heap_handle.obj
 0001:00020674       __acrt_uninitialize_heap   0000000180021674 f   libucrt:heap_handle.obj
 0001:00020680       __acrt_execute_initializers 0000000180021680 f   libucrt:shared_initialization.obj
 0001:00020700       __acrt_execute_uninitializers 0000000180021700 f   libucrt:shared_initialization.obj
 0001:0002073c       __acrt_has_user_matherr    000000018002173c f   libucrt:matherr.obj
 0001:0002075c       __acrt_initialize_user_matherr 000000018002175c f   libucrt:matherr.obj
 0001:00020764       __acrt_invoke_user_matherr 0000000180021764 f   libucrt:matherr.obj
 0001:00020794       __acrt_lowio_create_handle_array 0000000180021794 f   libucrt:osfinfo.obj
 0001:0002083c       __acrt_lowio_destroy_handle_array 000000018002183c f   libucrt:osfinfo.obj
 0001:0002088c       __acrt_lowio_ensure_fh_exists 000000018002188c f   libucrt:osfinfo.obj
 0001:00020934       __acrt_lowio_lock_fh       0000000180021934 f   libucrt:osfinfo.obj
 0001:0002095c       __acrt_lowio_set_os_handle 000000018002195c f   libucrt:osfinfo.obj
 0001:00020a1c       __acrt_lowio_unlock_fh     0000000180021a1c f   libucrt:osfinfo.obj
 0001:00020a44       _alloc_osfhnd              0000000180021a44 f   libucrt:osfinfo.obj
 0001:00020b84       _free_osfhnd               0000000180021b84 f   libucrt:osfinfo.obj
 0001:00020c40       _get_osfhandle             0000000180021c40 f   libucrt:osfinfo.obj
 0001:00020cb8       _isatty                    0000000180021cb8 f   libucrt:isatty.obj
 0001:00020d18       _query_new_mode            0000000180021d18 f   libucrt:new_mode.obj
 0001:00020d20       __acrt_add_locale_ref      0000000180021d20 f   libucrt:locale_refcounting.obj
 0001:00020dac       __acrt_free_locale         0000000180021dac f   libucrt:locale_refcounting.obj
 0001:00020f24       __acrt_locale_add_lc_time_reference 0000000180021f24 f   libucrt:locale_refcounting.obj
 0001:00020f4c       __acrt_locale_free_lc_time_if_unreferenced 0000000180021f4c f   libucrt:locale_refcounting.obj
 0001:00020f84       __acrt_locale_release_lc_time_reference 0000000180021f84 f   libucrt:locale_refcounting.obj
 0001:00020fac       __acrt_release_locale_ref  0000000180021fac f   libucrt:locale_refcounting.obj
 0001:00021054       __acrt_update_thread_locale_data 0000000180022054 f   libucrt:locale_refcounting.obj
 0001:000210c4       _updatetlocinfoEx_nolock   00000001800220c4 f   libucrt:locale_refcounting.obj
 0001:0002112c       ?__mbrtowc_utf8@__crt_mbstring@@YA_KPEA_WPEBD_KPEAU_Mbstatet@@@Z 000000018002212c f   libucrt:mbrtowc.obj
 0001:00021168       ?__mbsrtowcs_utf8@__crt_mbstring@@YA_KPEA_WPEAPEBD_KPEAU_Mbstatet@@@Z 0000000180022168 f   libucrt:mbrtowc.obj
 0001:000212e0       _putwch_nolock             00000001800222e0 f   libucrt:putwch.obj
 0001:0002131c       ?__c32rtomb_utf8@__crt_mbstring@@YA_KPEAD_UPEAU_Mbstatet@@@Z 000000018002231c f   libucrt:c32rtomb.obj
 0001:000213d4       c32rtomb                   00000001800223d4 f   libucrt:c32rtomb.obj
 0001:000213dc       __acrt_fp_strflt_to_string 00000001800223dc f   libucrt:_fptostr.obj
 0001:000214c0       __acrt_fltout              00000001800224c0 f   libucrt:cfout.obj
 0001:000226f4       __acrt_locale_free_monetary 00000001800236f4 f   libucrt:initmon.obj
 0001:00022800       __acrt_locale_initialize_monetary 0000000180023800 f   libucrt:initmon.obj
 0001:00022d34       __acrt_locale_free_numeric 0000000180023d34 f   libucrt:initnum.obj
 0001:00022da0       __acrt_locale_initialize_numeric 0000000180023da0 f   libucrt:initnum.obj
 0001:00023420       __acrt_locale_free_time    0000000180024420 f   libucrt:inittime.obj
 0001:00023528       __acrt_locale_initialize_time 0000000180024528 f   libucrt:inittime.obj
 0001:000235c4       wcscat_s                   00000001800245c4 f   libucrt:wcscat_s.obj
 0001:00023644       wcsncpy_s                  0000000180024644 f   libucrt:wcsncpy_s.obj
 0001:00023728       wcscspn                    0000000180024728 f   libucrt:wcscspn.obj
 0001:00023768       wcspbrk                    0000000180024768 f   libucrt:wcspbrk.obj
 0001:00023f50       __acrt_get_qualified_locale 0000000180024f50 f   libucrt:get_qualified_locale.obj
 0001:00024984       __acrt_get_qualified_locale_downlevel 0000000180025984 f   libucrt:getqloc_downlevel.obj
 0001:00024cec       __acrt_DownlevelLCIDToLocaleName 0000000180025cec f   libucrt:lcidtoname_downlevel.obj
 0001:00024de0       __acrt_DownlevelLocaleNameToLCID 0000000180025de0 f   libucrt:lcidtoname_downlevel.obj
 0001:00024e30       _get_fpsr                  0000000180025e30 f   libucrt:fpsr.obj
 0001:00024e40       _set_fpsr                  0000000180025e40 f   libucrt:fpsr.obj
 0001:00024e4a       _fclrf                     0000000180025e4a f   libucrt:fpsr.obj
 0001:00024e5e       _frnd                      0000000180025e5e f   libucrt:fpsr.obj
 0001:00024e80       ?__wcsrtombs_utf8@__crt_mbstring@@YA_KPEADPEAPEB_W_KPEAU_Mbstatet@@@Z 0000000180025e80 f   libucrt:wcrtomb.obj
 0001:00024f9c       _wcsnicmp                  0000000180025f9c f   libucrt:wcsnicmp.obj
 0001:00025048       _wcsnicmp_l                0000000180026048 f   libucrt:wcsnicmp.obj
 0001:00025170       __ascii_strnicmp           0000000180026170 f   libucrt:strnicmp.obj
 0001:000251cc       _strnicmp                  00000001800261cc f   libucrt:strnicmp.obj
 0001:0002521c       _strnicmp_l                000000018002621c f   libucrt:strnicmp.obj
 0001:00025920       _sopen_nolock              0000000180026920 f   libucrt:open.obj
 0001:00025a38       _sopen_s                   0000000180026a38 f   libucrt:open.obj
 0001:00025a6c       _wsopen_nolock             0000000180026a6c f   libucrt:open.obj
 0001:00025e54       strncpy_s                  0000000180026e54 f   libucrt:strncpy_s.obj
 0001:00025f28       __acrt_GetStringTypeW      0000000180026f28 f   libucrt:getstringtypew.obj
 0001:00025f30       __acrt_fenv_get_control    0000000180026f30 f   libucrt:_fenvutils.obj
 0001:00026024       __acrt_fenv_get_status     0000000180027024 f   libucrt:_fenvutils.obj
 0001:00026078       __acrt_fenv_set_control    0000000180027078 f   libucrt:_fenvutils.obj
 0001:000261c0       __acrt_fenv_set_status     00000001800271c0 f   libucrt:_fenvutils.obj
[...]
 0004:00001ff8       $pdata$GetLcidFromLanguage 0000000180050ff8     libucrt:getqloc_downlevel.obj
 0004:00002004       $pdata$LangCountryEnumProc 0000000180051004     libucrt:getqloc_downlevel.obj
 0004:00002010       $pdata$LanguageEnumProc    0000000180051010     libucrt:getqloc_downlevel.obj
 0004:0000201c       $pdata$ProcessCodePage     000000018005101c     libucrt:getqloc_downlevel.obj
 0004:00002028       $pdata$TestDefaultLanguage 0000000180051028     libucrt:getqloc_downlevel.obj
 0004:00002034       $pdata$TranslateName       0000000180051034     libucrt:getqloc_downlevel.obj
 0004:00002040       $pdata$__acrt_get_qualified_locale_downlevel 0000000180051040     libucrt:getqloc_downlevel.obj
 0004:0000204c       $pdata$?GetTableIndexFromLocaleName@@YAHPEB_W@Z 000000018005104c     libucrt:lcidtoname_downlevel.obj
 0004:00002058       $pdata$__acrt_DownlevelLCIDToLocaleName 0000000180051058     libucrt:lcidtoname_downlevel.obj
 0004:00002064       $pdata$__acrt_DownlevelLocaleNameToLCID 0000000180051064     libucrt:lcidtoname_downlevel.obj
 0004:0000207c       $pdata$?__wcsrtombs_utf8@__crt_mbstring@@YA_KPEADPEAPEB_W_KPEAU_Mbstatet@@@Z 000000018005107c     libucrt:wcrtomb.obj
 0004:00002088       $pdata$_wcsnicmp           0000000180051088     libucrt:wcsnicmp.obj
 0004:00002094       $pdata$_wcsnicmp_l         0000000180051094     libucrt:wcsnicmp.obj
 0004:000020a0       $pdata$__ascii_strnicmp    00000001800510a0     libucrt:strnicmp.obj
 0004:000020ac       $pdata$_strnicmp           00000001800510ac     libucrt:strnicmp.obj
 0004:000020b8       $pdata$_strnicmp_l         00000001800510b8     libucrt:strnicmp.obj
 0004:000020c4       $pdata$??$common_sopen_dispatch@D@@YAHQEBDHHHQEAHH@Z 00000001800510c4     libucrt:open.obj
 0004:000020d0       $pdata$?configure_text_mode@@YAHHUfile_options@?A0xa9d50aae@@HAEAW4__crt_lowio_text_mode@@@Z 00000001800510d0     libucrt:open.obj
 0004:000020dc       $pdata$?decode_options@@YA?AUfile_options@?A0xa9d50aae@@HHH@Z 00000001800510dc     libucrt:open.obj
 0004:000020e8       $pdata$?truncate_ctrl_z_if_present@@YAHH@Z 00000001800510e8     libucrt:open.obj
 0004:000020f4       $pdata$_sopen_nolock       00000001800510f4     libucrt:open.obj
 0004:00002100       $pdata$_sopen_s            0000000180051100     libucrt:open.obj
 0004:0000210c       $pdata$_wsopen_nolock      000000018005110c     libucrt:open.obj
 0004:00002118       $pdata$strncpy_s           0000000180051118     libucrt:strncpy_s.obj
 0004:00002124       $pdata$__acrt_fenv_set_control 0000000180051124     libucrt:_fenvutils.obj
 0004:00002130       $pdata$_call_matherr       0000000180051130     libucrt:libm_error.obj
 0004:0000213c       $pdata$_exception_enabled  000000018005113c     libucrt:libm_error.obj
 0004:00002148       $pdata$_handle_error       0000000180051148     libucrt:libm_error.obj
 0004:00002154       $pdata$_handle_errorf      0000000180051154     libucrt:libm_error.obj
 0004:00002160       $pdata$_towlower_l         0000000180051160     libucrt:towlower.obj
 0004:0000216c       $pdata$qsort               000000018005116c     libucrt:qsort.obj
 0004:00002178       $pdata$4$qsort             0000000180051178     libucrt:qsort.obj
 0004:00002184       $pdata$5$qsort             0000000180051184     libucrt:qsort.obj
 0004:00002190       $pdata$fallbackMethod      0000000180051190     libucrt:strpbrk.obj
 0004:0000219c       $pdata$strpbrk             000000018005119c     libucrt:strpbrk.obj
 0004:000021a8       $pdata$_mbsdec_l           00000001800511a8     libucrt:mbsdec.obj
 0004:000021b4       $pdata$?initialize_multibyte@@YAHXZ 00000001800511b4     libucrt:multibyte_initializer.obj
 0004:000021c0       $pdata$_msize_base         00000001800511c0     libucrt:msize.obj
 0004:000021cc       $pdata$?__mbrtoc32_utf8@__crt_mbstring@@YA_KPEA_UPEBD_KPEAU_Mbstatet@@@Z 00000001800511cc     libucrt:mbrtoc32.obj
 0004:000021d8       $pdata$__dcrt_lowio_ensure_console_output_initialized 00000001800511d8     libucrt:initcon.obj
 0004:000021e4       $pdata$__dcrt_terminate_console_output 00000001800511e4     libucrt:initcon.obj
 0004:000021f0       $pdata$__dcrt_write_console 00000001800511f0     libucrt:initcon.obj
 0004:000021fc       $pdata$fegetenv            00000001800511fc     libucrt:fegetenv.obj
 0004:00002208       $pdata$fesetenv            0000000180051208     libucrt:fesetenv.obj
 0004:00002214       $pdata$feholdexcept        0000000180051214     libucrt:feholdexcept.obj
 0004:0000222c       $pdata$??$common_xtox@K_W@@YAHKQEA_W_KI_N@Z 000000018005122c     libucrt:xtoa.obj
 0004:00002238       $pdata$??$common_xtox_s@K_W@@YAHKQEA_W_KI_N@Z 0000000180051238     libucrt:xtoa.obj
 0004:00002244       $pdata$_itow_s             0000000180051244     libucrt:xtoa.obj
 0004:00002250       $pdata$?__c16rtomb_utf8@__crt_mbstring@@YA_KPEAD_SPEAU_Mbstatet@@@Z 0000000180051250     libucrt:c16rtomb.obj
 0004:0000225c       $pdata$_get_fmode          000000018005125c     libucrt:setmode.obj
 0004:00002268       $pdata$_setmode_nolock     0000000180051268     libucrt:setmode.obj
 0004:00002274       $pdata$_chsize_nolock      0000000180051274     libucrt:chsize.obj
 0004:00002280       $pdata$__acrt_LCMapStringW 0000000180051280     libucrt:lcmapstringw.obj
 0004:0000228c       $pdata$_clearfp            000000018005128c     libucrt:ieee.obj
 0004:00002298       $pdata$_log10_special      0000000180051298     libucrt:log_special.obj
 0004:000022a4       $pdata$_log_special_common 00000001800512a4     libucrt:log_special.obj
 0004:000022b0       $pdata$?DloadAcquireSectionWriteAccess@@YAXXZ 00000001800512b0     DelayImp:delayhlp.obj
 0004:000022bc       $pdata$?DloadGetSRWLockFunctionPointers@@YAEXZ 00000001800512bc     DelayImp:delayhlp.obj
 0004:000022c8       $pdata$?DloadMakePermanentImageCommit@@YAXPEAX_K@Z 00000001800512c8     DelayImp:delayhlp.obj
 0004:000022d4       $pdata$?DloadObtainSection@@YAPEAXPEAK0@Z 00000001800512d4     DelayImp:delayhlp.obj
 0004:000022e0       $pdata$?DloadProtectSection@@YAXKPEAK@Z 00000001800512e0     DelayImp:delayhlp.obj
 0004:000022ec       $pdata$?DloadReleaseSectionWriteAccess@@YAXXZ 00000001800512ec     DelayImp:delayhlp.obj
 0004:000022f8       $pdata$__delayLoadHelper2  00000001800512f8     DelayImp:delayhlp.obj
 0004:00002304       $pdata$_IsNonwritableInCurrentImage 0000000180051304     LIBCMT:pesect.obj
 0004:00002310       $pdata$_local_unwind       0000000180051310     libvcruntime:jmpuwind.obj
 0004:0000231c       $pdata$strrchr             000000018005131c     libvcruntime:strrchr.obj
 0004:00002328       $pdata$wcschr              0000000180051328     libvcruntime:wcschr.obj
 0004:00002340       $pdata$__scrt_is_nonwritable_in_current_image$filt$0 0000000180051340     LIBCMT:utility.obj
 0004:0000234c       $pdata$?fin$0@?0??dllmain_crt_process_attach@@YAHQEAUHINSTANCE__@@QEAX@Z@4HA 000000018005134c     LIBCMT:dll_dllmain.obj
 0004:00002358       $pdata$?fin$0@?0??dllmain_crt_process_detach@@YAH_N@Z@4HA 0000000180051358     LIBCMT:dll_dllmain.obj
 0004:00002364       $pdata$?filt$0@?0??dllmain_dispatch@@YAHQEAUHINSTANCE__@@KQEAX@Z@4HA 0000000180051364     LIBCMT:dll_dllmain.obj
 0004:00002370       $pdata$?filt$0@?0???$_CallSETranslator@V__FrameHandler3@@@@YAHPEAUEHExceptionRecord@@PEA_KPEAU_CONTEXT@@PEAU_xDISPATCHER_CONTEXT@@PEBU_s_FuncInfo@@K1@Z@4HA 0000000180051370     libvcruntime:risctrnsctrl.obj
 0004:0000237c       $pdata$__DestructExceptionObject$filt$0 000000018005137c     libvcruntime:ehhelpers.obj
 0004:00002388       $pdata$?filt$0@?0??CxxCallCatchBlock@__FrameHandler3@@SAPEAXPEAU_EXCEPTION_RECORD@@@Z@4HA 0000000180051388     libvcruntime:frame.obj
 0004:00002394       $pdata$?fin$1@?0??CxxCallCatchBlock@__FrameHandler3@@SAPEAXPEAU_EXCEPTION_RECORD@@@Z@4HA 0000000180051394     libvcruntime:frame.obj
 0004:000023a0       $pdata$?filt$0@?0??FrameUnwindToState@__FrameHandler3@@SAXPEA_KPEAU_xDISPATCHER_CONTEXT@@PEBU_s_FuncInfo@@H@Z@4HA 00000001800513a0     libvcruntime:frame.obj
 0004:000023ac       $pdata$?fin$1@?0??FrameUnwindToState@__FrameHandler3@@SAXPEA_KPEAU_xDISPATCHER_CONTEXT@@PEBU_s_FuncInfo@@H@Z@4HA 00000001800513ac     libvcruntime:frame.obj
 0004:000023b8       $pdata$fputc$fin$0         00000001800513b8     libucrt:fputc.obj
 0004:000023c4       $pdata$?fin$0@?0???$?RV<lambda_84ec643ea9557e2f7dc01bb0e9624395>@@AEAV<lambda_ca71763b3c0644891230e4f79ea54fa6>@@V<lambda_439a761618c59b0600e24586724d733b>@@@?$__crt_seh_guarded_call@H@@QEAAH$$QEAV<lambda_84ec643ea9557e2f7dc01bb0e9624395>@@AEAV<lambda_ca71763b3c0644891230e4f79ea54fa6>@@$$QEAV<lambda_439a761618c59b0600e24586724d733b>@@@Z@4HA 00000001800513c4     libucrt:setvbuf.obj
 0004:000023c4       $pdata$?fin$0@?0???$?RV<lambda_bdbcead8b570fa3d5ec6d9679862a6e5>@@AEAV<lambda_96f4279ff90247a4c5c5d9824f56f8c1>@@V<lambda_4606be27f17b5e5579e09050fab91818>@@@?$__crt_seh_guarded_call@_K@@QEAA_K$$QEAV<lambda_bdbcead8b570fa3d5ec6d9679862a6e5>@@AEAV<lambda_96f4279ff90247a4c5c5d9824f56f8c1>@@$$QEAV<lambda_4606be27f17b5e5579e09050fab91818>@@@Z@4HA 00000001800513c4     libucrt:fwrite.obj
 0004:000023c4       $pdata$?fin$0@?0???$?RV<lambda_842d9ff0dc9ef11c61343bbaebe7f885>@@AEAV<lambda_c5860995281e5c4ce005b3de8f5874ee>@@V<lambda_d90129c13df834fdcbf8d2b88dafcf2d>@@@?$__crt_seh_guarded_call@X@@QEAAX$$QEAV<lambda_842d9ff0dc9ef11c61343bbaebe7f885>@@AEAV<lambda_c5860995281e5c4ce005b3de8f5874ee>@@$$QEAV<lambda_d90129c13df834fdcbf8d2b88dafcf2d>@@@Z@4HA 00000001800513c4     libucrt:fflush.obj
 0004:000023c4       $pdata$?fin$0@?0???$?RV<lambda_c376a267cfb53b6959b3b692ec76b120>@@AEAV<lambda_9a32fed5bf61b6b509b2d3f6003082a1>@@V<lambda_572fbb9fa0ab338edf41edfd4b5fcc8d>@@@?$__crt_seh_guarded_call@H@@QEAAH$$QEAV<lambda_c376a267cfb53b6959b3b692ec76b120>@@AEAV<lambda_9a32fed5bf61b6b509b2d3f6003082a1>@@$$QEAV<lambda_572fbb9fa0ab338edf41edfd4b5fcc8d>@@@Z@4HA 00000001800513c4     libucrt:fflush.obj
 0004:000023d0       $pdata$?fin$0@?0???$?RV<lambda_886d6c58226a84441f68b9f2b8217b83>@@AEAV<lambda_ab61a845afdef5b7c387490eaf3616ee>@@V<lambda_f7f22ab5edc0698d5f6905b0d3f44752>@@@?$__crt_seh_guarded_call@X@@QEAAX$$QEAV<lambda_886d6c58226a84441f68b9f2b8217b83>@@AEAV<lambda_ab61a845afdef5b7c387490eaf3616ee>@@$$QEAV<lambda_f7f22ab5edc0698d5f6905b0d3f44752>@@@Z@4HA 00000001800513d0     libucrt:fflush.obj
 0004:000023dc       $pdata$?fin$0@?0???$common_ftell@_J@@YA_JV__crt_stdio_stream@@@Z@4HA 00000001800513dc     libucrt:ftell.obj
 0004:000023dc       $pdata$fclose$fin$0        00000001800513dc     libucrt:fclose.obj
 0004:000023dc       $pdata$?fin$0@?0??common_fseek@@YAHV__crt_stdio_stream@@_JH@Z@4HA 00000001800513dc     libucrt:fseek.obj
 0004:000023e8       $pdata$fgetc$fin$0         00000001800513e8     libucrt:fgetc.obj
 0004:000023f4       $pdata$ungetc$fin$0        00000001800513f4     libucrt:ungetc.obj
 0004:00002400       $pdata$fread_s$fin$0       0000000180051400     libucrt:fread.obj
 0004:0000240c       $pdata$?fin$0@?0???$?RV<lambda_efdfa57d1f175319df784efa44bb7b81>@@AEAV<lambda_5f0a4c1567f8adc6734073e5d1e1b35c>@@V<lambda_2e8a7d3640ea6ccb4c2413664c2db6fd>@@@?$__crt_seh_guarded_call@X@@QEAAX$$QEAV<lambda_efdfa57d1f175319df784efa44bb7b81>@@AEAV<lambda_5f0a4c1567f8adc6734073e5d1e1b35c>@@$$QEAV<lambda_2e8a7d3640ea6ccb4c2413664c2db6fd>@@@Z@4HA 000000018005140c     libucrt:mbctype.obj
 0004:0000240c       $pdata$?fin$0@?0???$?RV<lambda_7777bce6b2f8c936911f934f8298dc43>@@AEAV<lambda_f03950bc5685219e0bcd2087efbe011e>@@V<lambda_3883c3dff614d5e0c5f61bb1ac94921c>@@@?$__crt_seh_guarded_call@H@@QEAAH$$QEAV<lambda_7777bce6b2f8c936911f934f8298dc43>@@AEAV<lambda_f03950bc5685219e0bcd2087efbe011e>@@$$QEAV<lambda_3883c3dff614d5e0c5f61bb1ac94921c>@@@Z@4HA 000000018005140c     libucrt:onexit.obj
 0004:0000240c       $pdata$?fin$0@?0???$?RV<lambda_1d892b297fdedeee07ed8124eeb2f2fa>@@AEAV<lambda_ffc046909424fd52df0ac47e64813305>@@V<lambda_01a7098693036236037e7cdb9bca3d73>@@@?$__crt_seh_guarded_call@X@@QEAAX$$QEAV<lambda_1d892b297fdedeee07ed8124eeb2f2fa>@@AEAV<lambda_ffc046909424fd52df0ac47e64813305>@@$$QEAV<lambda_01a7098693036236037e7cdb9bca3d73>@@@Z@4HA 000000018005140c     libucrt:wsetlocale.obj
 0004:0000240c       $pdata$?fin$0@?0???$?RV<lambda_bd00b5aa228bd7e7e5b2b5db5fd2933b>@@AEAV<lambda_777d11615145f89ee95b9466d285deeb>@@V<lambda_6e5e48fbd24f9f8f81b203eb3d877683>@@@?$__crt_seh_guarded_call@H@@QEAAH$$QEAV<lambda_bd00b5aa228bd7e7e5b2b5db5fd2933b>@@AEAV<lambda_777d11615145f89ee95b9466d285deeb>@@$$QEAV<lambda_6e5e48fbd24f9f8f81b203eb3d877683>@@@Z@4HA 000000018005140c     libucrt:winapi_thunks.obj
 0004:0000240c       $pdata$?fin$0@?0???$?RV<lambda_2d41944a1d46af3157314b8a01080d33>@@AEAV<lambda_8f455de75cd7d7f24b4096f044d8b9e6>@@V<lambda_aa500f224e6afead328df44964fe2772>@@@?$__crt_seh_guarded_call@X@@QEAAX$$QEAV<lambda_2d41944a1d46af3157314b8a01080d33>@@AEAV<lambda_8f455de75cd7d7f24b4096f044d8b9e6>@@$$QEAV<lambda_aa500f224e6afead328df44964fe2772>@@@Z@4HA 000000018005140c     libucrt:per_thread_data.obj
 0004:0000240c       $pdata$?fin$0@?0???$?RV<lambda_f2e299630e499de9f9a165e60fcd3db5>@@AEAV<lambda_2ae9d31cdba2644fcbeaf08da7c24588>@@V<lambda_40d01ff24d0e7b3814fdbdcee8eab3c7>@@@?$__crt_seh_guarded_call@X@@QEAAX$$QEAV<lambda_f2e299630e499de9f9a165e60fcd3db5>@@AEAV<lambda_2ae9d31cdba2644fcbeaf08da7c24588>@@$$QEAV<lambda_40d01ff24d0e7b3814fdbdcee8eab3c7>@@@Z@4HA 000000018005140c     libucrt:per_thread_data.obj
 0004:0000240c       $pdata$?fin$0@?0???$?RV<lambda_aa87e3671a710a21b5dc78c0bdf72e11>@@AEAV<lambda_92619d2358a28f41a33ba319515a20b9>@@V<lambda_6992ecaafeb10aed2b74cb1fae11a551>@@@?$__crt_seh_guarded_call@X@@QEAAX$$QEAV<lambda_aa87e3671a710a21b5dc78c0bdf72e11>@@AEAV<lambda_92619d2358a28f41a33ba319515a20b9>@@$$QEAV<lambda_6992ecaafeb10aed2b74cb1fae11a551>@@@Z@4HA 000000018005140c     libucrt:per_thread_data.obj
 0004:0000240c       $pdata$?fin$0@?0???$?RV<lambda_0ae27a3a962d80f24befdcbee591983d>@@AEAV<lambda_8d0ee55de4b1038c4002e0adecdf1839>@@V<lambda_dc504788e8f1664fe9b84e20bfb512f2>@@@?$__crt_seh_guarded_call@X@@QEAAX$$QEAV<lambda_0ae27a3a962d80f24befdcbee591983d>@@AEAV<lambda_8d0ee55de4b1038c4002e0adecdf1839>@@$$QEAV<lambda_dc504788e8f1664fe9b84e20bfb512f2>@@@Z@4HA 000000018005140c     libucrt:per_thread_data.obj
 0004:0000240c       $pdata$?fin$0@?0???$?RV<lambda_9bd929c17696992ce54f1d748594fc62>@@AEAV<lambda_082c17da81b0962e08c0587ee0fac50c>@@V<lambda_9c08ac857f4975304d44e9f601d9b878>@@@?$__crt_seh_guarded_call@PEAD@@QEAAPEAD$$QEAV<lambda_9bd929c17696992ce54f1d748594fc62>@@AEAV<lambda_082c17da81b0962e08c0587ee0fac50c>@@$$QEAV<lambda_9c08ac857f4975304d44e9f601d9b878>@@@Z@4HA 000000018005140c     libucrt:setlocale.obj
 0004:0000240c       $pdata$?fin$0@?0???$?RV<lambda_450d765d439847d4c735a33c368b5fc0>@@AEAV<lambda_44731a7d0e6d81c3e6aa82d741081786>@@V<lambda_601a2a7da3b7a96e9554ac7215c4b07c>@@@?$__crt_seh_guarded_call@P6AXH@Z@@QEAAP6AXH@Z$$QEAV<lambda_450d765d439847d4c735a33c368b5fc0>@@AEAV<lambda_44731a7d0e6d81c3e6aa82d741081786>@@$$QEAV<lambda_601a2a7da3b7a96e9554ac7215c4b07c>@@@Z@4HA 000000018005140c     libucrt:signal.obj
 0004:0000240c       $pdata$?fin$0@?0???$?RV<lambda_d80eeec6fff315bfe5c115232f3240e3>@@AEAV<lambda_6e4b09c48022b2350581041d5f6b0c4c>@@V<lambda_2358e3775559c9db80273638284d5e45>@@@?$__crt_seh_guarded_call@X@@QEAAX$$QEAV<lambda_d80eeec6fff315bfe5c115232f3240e3>@@AEAV<lambda_6e4b09c48022b2350581041d5f6b0c4c>@@$$QEAV<lambda_2358e3775559c9db80273638284d5e45>@@@Z@4HA 000000018005140c     libucrt:exit.obj
 0004:0000240c       $pdata$?fin$0@?0???$?RV<lambda_638799b9deba96c50f710eeac98168cd>@@AEAV<lambda_22ebabd17bc4fa466a2aca6d8deb888d>@@V<lambda_a6f7d7db0129f75315ebf26d50c089f1>@@@?$__crt_seh_guarded_call@H@@QEAAH$$QEAV<lambda_638799b9deba96c50f710eeac98168cd>@@AEAV<lambda_22ebabd17bc4fa466a2aca6d8deb888d>@@$$QEAV<lambda_a6f7d7db0129f75315ebf26d50c089f1>@@@Z@4HA 000000018005140c     libucrt:onexit.obj
 0004:00002418       $pdata$?fin$0@?0???$common_fsopen@D@@YAPEAU_iobuf@@QEBD0H@Z@4HA 0000000180051418     libucrt:fopen.obj
 0004:00002424       $pdata$_query_new_handler$fin$0 0000000180051424     libucrt:new_handler.obj
 0004:00002430       $pdata$?filt$0@?0???R<lambda_6e4b09c48022b2350581041d5f6b0c4c>@@QEBA@XZ@4HA 0000000180051430     libucrt:exit.obj
 0004:0000243c       $pdata$raise$fin$0         000000018005143c     libucrt:signal.obj
 0004:00002448       $pdata$_alloc_osfhnd$fin$0 0000000180051448     libucrt:osfinfo.obj
 0004:00002448       $pdata$__acrt_initialize_lowio$fin$0 0000000180051448     libucrt:ioinit.obj
 0004:00002448       $pdata$__acrt_lowio_ensure_fh_exists$fin$0 0000000180051448     libucrt:osfinfo.obj
 0004:00002454       $pdata$?fin$0@?0???$?RV<lambda_751a882b2c74d4b022dec766aa51a29a>@@AEAV<lambda_628dfdc04ba53c8bfc02c9951375f3f5>@@V<lambda_f6c7be5f7998530c34de24c7437d6b54>@@@?$__crt_seh_guarded_call@H@@QEAAH$$QEAV<lambda_751a882b2c74d4b022dec766aa51a29a>@@AEAV<lambda_628dfdc04ba53c8bfc02c9951375f3f5>@@$$QEAV<lambda_f6c7be5f7998530c34de24c7437d6b54>@@@Z@4HA 0000000180051454     libucrt:close.obj
 0004:00002454       $pdata$?fin$0@?0???$?RV<lambda_a37b2b86f63e897a80ea819b0eb08c01>@@AEAV<lambda_38ce7e780aa69e748d6df282ebc68efe>@@V<lambda_99fb1378e971ab6e7edea83e3a7a83a2>@@@?$__crt_seh_guarded_call@H@@QEAAH$$QEAV<lambda_a37b2b86f63e897a80ea819b0eb08c01>@@AEAV<lambda_38ce7e780aa69e748d6df282ebc68efe>@@$$QEAV<lambda_99fb1378e971ab6e7edea83e3a7a83a2>@@@Z@4HA 0000000180051454     libucrt:commit.obj
 0004:00002460       $pdata$?fin$0@?0???$common_lseek@_J@@YA_JH_JH@Z@4HA 0000000180051460     libucrt:lseek.obj
 0004:00002460       $pdata$_write$fin$0        0000000180051460     libucrt:write.obj
 0004:0000246c       $pdata$_fcloseall$fin$0    000000018005146c     libucrt:closeall.obj
 0004:0000246c       $pdata$?fin$0@?0??__acrt_stdio_allocate_stream@@YA?AV__crt_stdio_stream@@XZ@4HA 000000018005146c     libucrt:stream.obj
 0004:00002478       $pdata$?fin$0@?0???$?RV<lambda_410d79af7f07d98d83a3f525b3859a53>@@AEAV<lambda_3e16ef9562a7dcce91392c22ab16ea36>@@V<lambda_38119f0e861e05405d8a144b9b982f0a>@@@?$__crt_seh_guarded_call@X@@QEAAX$$QEAV<lambda_410d79af7f07d98d83a3f525b3859a53>@@AEAV<lambda_3e16ef9562a7dcce91392c22ab16ea36>@@$$QEAV<lambda_38119f0e861e05405d8a144b9b982f0a>@@@Z@4HA 0000000180051478     libucrt:wsetlocale.obj
 0004:00002484       $pdata$?fin$0@?0???$?RV<lambda_7f2adfce497ff2baa965cd4f576ecfd1>@@AEAV<lambda_2a444430fde8c29194d880d93eed5e8f>@@AEAV<lambda_8dff2cf36a5417162780cd64fa2883ef>@@@?$__crt_seh_guarded_call@X@@QEAAX$$QEAV<lambda_7f2adfce497ff2baa965cd4f576ecfd1>@@AEAV<lambda_2a444430fde8c29194d880d93eed5e8f>@@AEAV<lambda_8dff2cf36a5417162780cd64fa2883ef>@@@Z@4HA 0000000180051484     libucrt:wsetlocale.obj
 0004:00002490       $pdata$_ctrlfp$filt$0      0000000180051490     libucrt:fpctrl.obj
 0004:0000249c       $pdata$_read$fin$0         000000018005149c     libucrt:read.obj
 0004:000024a8       $pdata$?fin$0@?0??update_thread_multibyte_data_internal@@YAPEAU__crt_multibyte_data@@QEAU__acrt_ptd@@QEAPEAU1@@Z@4HA 00000001800514a8     libucrt:mbctype.obj
 0004:000024b4       $pdata$__acrt_update_thread_locale_data$fin$0 00000001800514b4     libucrt:locale_refcounting.obj
 0004:000024c0       $pdata$?fin$0@?0???$common_sopen_dispatch@D@@YAHQEBDHHHQEAHH@Z@4HA 00000001800514c0     libucrt:open.obj
 0004:000024cc       $pdata$_IsNonwritableInCurrentImage$filt$0 00000001800514cc     LIBCMT:pesect.obj
 0004:000024d8       $pdata$??__Ffi@demo@@YAXXZ 00000001800514d8     binding.obj
 0004:000024e4       $pdata$??__Ffo@demo@@YAXXZ 00000001800514e4     binding.obj
 0004:000024f0       $pdata$??__FpQ@demo@@YAXXZ 00000001800514f0     binding.obj
 0004:000024fc       $pdata$??__Fclassic_locale@std@@YAXXZ 00000001800514fc     libcpmt:locale0.obj
 0004:00002508       $pdata$??__Finit_atexit@@YAXXZ 0000000180051508     libcpmt:iosptrs.obj
 0005:00000060       $R000000                   0000000180052060     * linker generated manifest res *

 Exports

  ordinal    name

        1    _register_addon_
